../Devices/Src/dht.c:71:13:dht_init	16	static
../Devices/Src/dht.c:93:10:dht_get_min_interval_ms	16	static
../Devices/Src/dht.c:99:6:dht_is_ready	88	static
../Devices/Src/dht.c:124:13:dht_read	24	static
../Devices/Src/dht.c:188:13:dht_set_pin_low	16	static
../Devices/Src/dht.c:198:13:dht_set_pin_high	16	static
../Devices/Src/dht.c:203:22:dht_read_pin	16	static
../Devices/Src/dht.c:218:13:dht_enter_critical	4	static,ignoring_inline_asm
../Devices/Src/dht.c:223:13:dht_exit_critical	4	static,ignoring_inline_asm
../Devices/Src/dht.c:235:13:dht_send_start_signal	24	static
../Devices/Src/dht.c:252:20:dht_wait_for_level	72	static
../Devices/Src/dht.c:279:20:dht_measure_high_us	72	static
../Devices/Src/dht.c:306:20:dht_wait_for_sensor_response	24	static
../Devices/Src/dht.c:331:20:dht_capture_frame	32	static
../Devices/Src/dht.c:379:13:dht_checksum_ok	24	static
../Devices/Src/dht.c:394:13:dht_decode_dht11	24	static
../Devices/Src/dht.c:417:13:dht_decode_dht22	24	static
../Devices/Src/dht.c:444:13:dht_mark_sampled	24	static
