../Drivers/STM32F4xx_HAL_Driver/Inc/stm32f4xx_ll_gpio.h:273:22:LL_GPIO_SetPinMode	48	static,ignoring_inline_asm
../Drivers/STM32F4xx_HAL_Driver/Inc/stm32f4xx_ll_gpio.h:342:22:LL_GPIO_SetPinOutputType	24	static
../Drivers/STM32F4xx_HAL_Driver/Inc/stm32f4xx_ll_gpio.h:800:26:LL_GPIO_IsInputPinSet	16	static
../Drivers/STM32F4xx_HAL_Driver/Inc/stm32f4xx_ll_gpio.h:910:22:LL_GPIO_ResetOutputPin	16	static
../Devices/Src/ds18b20.c:48:13:ow_drive_low	16	static
../Devices/Src/ds18b20.c:58:13:ow_release	16	static
../Devices/Src/ds18b20.c:67:16:ow_sample	16	static
../Devices/Src/ds18b20.c:81:22:ow_reset	24	static
../Devices/Src/ds18b20.c:105:13:ow_write_bit	16	static
../Devices/Src/ds18b20.c:125:13:ow_write_byte	24	static
../Devices/Src/ds18b20.c:136:16:ow_read_bit	24	static
../Devices/Src/ds18b20.c:157:16:ow_read_byte	24	static
../Devices/Src/ds18b20.c:175:16:compute_crc8	24	static
../Devices/Src/ds18b20.c:200:14:convert_raw_to_celsius	24	static
../Devices/Src/ds18b20.c:212:13:ds18b20_init	16	static
../Devices/Src/ds18b20.c:230:15:ds18b20_start_conversion	24	static
../Devices/Src/ds18b20.c:252:15:ds18b20_read	40	static
../Devices/Src/ds18b20.c:287:15:ds18b20_read_blocking	24	static
../Devices/Src/ds18b20.c:305:15:ds18b20_get_last_error	16	static
../Devices/Src/ds18b20.c:313:7:ds18b20_get_last_temp	16	static
