Archive member included to satisfy reference by file (symbol)

/opt/st/stm32cubeide_2.1.1/plugins/com.st.stm32cube.ide.mcu.externaltools.gnu-tools-for-stm32.14.3.rel1.linux64_1.0.100.202602081740/tools/bin/../lib/gcc/arm-none-eabi/14.3.1/../../../../arm-none-eabi/lib/thumb/v7e-m+fp/hard/libc_nano.a(libc_a-exit.o)
                              /opt/st/stm32cubeide_2.1.1/plugins/com.st.stm32cube.ide.mcu.externaltools.gnu-tools-for-stm32.14.3.rel1.linux64_1.0.100.202602081740/tools/bin/../lib/gcc/arm-none-eabi/14.3.1/../../../../arm-none-eabi/lib/thumb/v7e-m+fp/hard/crt0.o (exit)
/opt/st/stm32cubeide_2.1.1/plugins/com.st.stm32cube.ide.mcu.externaltools.gnu-tools-for-stm32.14.3.rel1.linux64_1.0.100.202602081740/tools/bin/../lib/gcc/arm-none-eabi/14.3.1/../../../../arm-none-eabi/lib/thumb/v7e-m+fp/hard/libc_nano.a(libc_a-nano-vfprintf_float.o)
                              (_printf_float)
/opt/st/stm32cubeide_2.1.1/plugins/com.st.stm32cube.ide.mcu.externaltools.gnu-tools-for-stm32.14.3.rel1.linux64_1.0.100.202602081740/tools/bin/../lib/gcc/arm-none-eabi/14.3.1/../../../../arm-none-eabi/lib/thumb/v7e-m+fp/hard/libc_nano.a(libc_a-nano-vfprintf_i.o)
                              /opt/st/stm32cubeide_2.1.1/plugins/com.st.stm32cube.ide.mcu.externaltools.gnu-tools-for-stm32.14.3.rel1.linux64_1.0.100.202602081740/tools/bin/../lib/gcc/arm-none-eabi/14.3.1/../../../../arm-none-eabi/lib/thumb/v7e-m+fp/hard/libc_nano.a(libc_a-nano-vfprintf_float.o) (_printf_common)
/opt/st/stm32cubeide_2.1.1/plugins/com.st.stm32cube.ide.mcu.externaltools.gnu-tools-for-stm32.14.3.rel1.linux64_1.0.100.202602081740/tools/bin/../lib/gcc/arm-none-eabi/14.3.1/../../../../arm-none-eabi/lib/thumb/v7e-m+fp/hard/libc_nano.a(libc_a-findfp.o)
                              /opt/st/stm32cubeide_2.1.1/plugins/com.st.stm32cube.ide.mcu.externaltools.gnu-tools-for-stm32.14.3.rel1.linux64_1.0.100.202602081740/tools/bin/../lib/gcc/arm-none-eabi/14.3.1/../../../../arm-none-eabi/lib/thumb/v7e-m+fp/hard/libc_nano.a(libc_a-exit.o) (__stdio_exit_handler)
/opt/st/stm32cubeide_2.1.1/plugins/com.st.stm32cube.ide.mcu.externaltools.gnu-tools-for-stm32.14.3.rel1.linux64_1.0.100.202602081740/tools/bin/../lib/gcc/arm-none-eabi/14.3.1/../../../../arm-none-eabi/lib/thumb/v7e-m+fp/hard/libc_nano.a(libc_a-fwalk.o)
                              /opt/st/stm32cubeide_2.1.1/plugins/com.st.stm32cube.ide.mcu.externaltools.gnu-tools-for-stm32.14.3.rel1.linux64_1.0.100.202602081740/tools/bin/../lib/gcc/arm-none-eabi/14.3.1/../../../../arm-none-eabi/lib/thumb/v7e-m+fp/hard/libc_nano.a(libc_a-findfp.o) (_fwalk_sglue)
/opt/st/stm32cubeide_2.1.1/plugins/com.st.stm32cube.ide.mcu.externaltools.gnu-tools-for-stm32.14.3.rel1.linux64_1.0.100.202602081740/tools/bin/../lib/gcc/arm-none-eabi/14.3.1/../../../../arm-none-eabi/lib/thumb/v7e-m+fp/hard/libc_nano.a(libc_a-snprintf.o)
                              ./App/Src/communication_manager.o (snprintf)
/opt/st/stm32cubeide_2.1.1/plugins/com.st.stm32cube.ide.mcu.externaltools.gnu-tools-for-stm32.14.3.rel1.linux64_1.0.100.202602081740/tools/bin/../lib/gcc/arm-none-eabi/14.3.1/../../../../arm-none-eabi/lib/thumb/v7e-m+fp/hard/libc_nano.a(libc_a-sscanf.o)
                              ./App/Src/communication_manager.o (sscanf)
/opt/st/stm32cubeide_2.1.1/plugins/com.st.stm32cube.ide.mcu.externaltools.gnu-tools-for-stm32.14.3.rel1.linux64_1.0.100.202602081740/tools/bin/../lib/gcc/arm-none-eabi/14.3.1/../../../../arm-none-eabi/lib/thumb/v7e-m+fp/hard/libc_nano.a(libc_a-stdio.o)
                              /opt/st/stm32cubeide_2.1.1/plugins/com.st.stm32cube.ide.mcu.externaltools.gnu-tools-for-stm32.14.3.rel1.linux64_1.0.100.202602081740/tools/bin/../lib/gcc/arm-none-eabi/14.3.1/../../../../arm-none-eabi/lib/thumb/v7e-m+fp/hard/libc_nano.a(libc_a-findfp.o) (__sread)
/opt/st/stm32cubeide_2.1.1/plugins/com.st.stm32cube.ide.mcu.externaltools.gnu-tools-for-stm32.14.3.rel1.linux64_1.0.100.202602081740/tools/bin/../lib/gcc/arm-none-eabi/14.3.1/../../../../arm-none-eabi/lib/thumb/v7e-m+fp/hard/libc_nano.a(libc_a-vsnprintf.o)
                              ./Common/Src/debug_log.o (vsnprintf)
/opt/st/stm32cubeide_2.1.1/plugins/com.st.stm32cube.ide.mcu.externaltools.gnu-tools-for-stm32.14.3.rel1.linux64_1.0.100.202602081740/tools/bin/../lib/gcc/arm-none-eabi/14.3.1/../../../../arm-none-eabi/lib/thumb/v7e-m+fp/hard/libc_nano.a(libc_a-memset.o)
                              /opt/st/stm32cubeide_2.1.1/plugins/com.st.stm32cube.ide.mcu.externaltools.gnu-tools-for-stm32.14.3.rel1.linux64_1.0.100.202602081740/tools/bin/../lib/gcc/arm-none-eabi/14.3.1/../../../../arm-none-eabi/lib/thumb/v7e-m+fp/hard/crt0.o (memset)
/opt/st/stm32cubeide_2.1.1/plugins/com.st.stm32cube.ide.mcu.externaltools.gnu-tools-for-stm32.14.3.rel1.linux64_1.0.100.202602081740/tools/bin/../lib/gcc/arm-none-eabi/14.3.1/../../../../arm-none-eabi/lib/thumb/v7e-m+fp/hard/libc_nano.a(libc_a-strcat.o)
                              ./App/Src/display_manager.o (strcat)
[...]
Memory Configuration

Name             Origin             Length             Attributes
RAM              0x20000000         0x00020000         xrw
FLASH            0x08000000         0x00080000         xr
*default*        0x00000000         0xffffffff

Linker script and memory map

LOAD /opt/st/stm32cubeide_2.1.1/plugins/com.st.stm32cube.ide.mcu.externaltools.gnu-tools-for-stm32.14.3.rel1.linux64_1.0.100.202602081740/tools/bin/../lib/gcc/arm-none-eabi/14.3.1/thumb/v7e-m+fp/hard/crti.o
LOAD /opt/st/stm32cubeide_2.1.1/plugins/com.st.stm32cube.ide.mcu.externaltools.gnu-tools-for-stm32.14.3.rel1.linux64_1.0.100.202602081740/tools/bin/../lib/gcc/arm-none-eabi/14.3.1/thumb/v7e-m+fp/hard/crtbegin.o
LOAD /opt/st/stm32cubeide_2.1.1/plugins/com.st.stm32cube.ide.mcu.externaltools.gnu-tools-for-stm32.14.3.rel1.linux64_1.0.100.202602081740/tools/bin/../lib/gcc/arm-none-eabi/14.3.1/../../../../arm-none-eabi/lib/thumb/v7e-m+fp/hard/crt0.o
LOAD ./App/Src/communication_manager.o
LOAD ./App/Src/control_manager.o
LOAD ./App/Src/display_manager.o
LOAD ./App/Src/schedule_manager.o
LOAD ./Common/Src/app_config.o
LOAD ./Common/Src/debug_log.o
LOAD ./Common/Src/timing.o
LOAD ./Core/Src/adc.o
LOAD ./Core/Src/dma.o
LOAD ./Core/Src/gpio.o
LOAD ./Core/Src/i2c.o
LOAD ./Core/Src/main.o
LOAD ./Core/Src/rtc.o
LOAD ./Core/Src/stm32f4xx_hal_msp.o
LOAD ./Core/Src/stm32f4xx_it.o
LOAD ./Core/Src/syscalls.o
LOAD ./Core/Src/sysmem.o
LOAD ./Core/Src/system_stm32f4xx.o
LOAD ./Core/Src/usart.o
LOAD ./Core/Startup/startup_stm32f411ceux.o
LOAD ./Devices/Src/bh1750.o
LOAD ./Devices/Src/dht.o
LOAD ./Devices/Src/ds18b20.o
LOAD ./Devices/Src/font.o
LOAD ./Devices/Src/relay.o
LOAD ./Devices/Src/sh1106.o
LOAD ./Devices/Src/soil_moisture.o
LOAD ./Drivers/STM32F4xx_HAL_Driver/Src/stm32f4xx_hal.o
LOAD ./Drivers/STM32F4xx_HAL_Driver/Src/stm32f4xx_hal_adc.o
LOAD ./Drivers/STM32F4xx_HAL_Driver/Src/stm32f4xx_hal_adc_ex.o
LOAD ./Drivers/STM32F4xx_HAL_Driver/Src/stm32f4xx_hal_cortex.o
LOAD ./Drivers/STM32F4xx_HAL_Driver/Src/stm32f4xx_hal_dma.o
LOAD ./Drivers/STM32F4xx_HAL_Driver/Src/stm32f4xx_hal_dma_ex.o
LOAD ./Drivers/STM32F4xx_HAL_Driver/Src/stm32f4xx_hal_exti.o
LOAD ./Drivers/STM32F4xx_HAL_Driver/Src/stm32f4xx_hal_flash.o
LOAD ./Drivers/STM32F4xx_HAL_Driver/Src/stm32f4xx_hal_flash_ex.o
LOAD ./Drivers/STM32F4xx_HAL_Driver/Src/stm32f4xx_hal_flash_ramfunc.o
LOAD ./Drivers/STM32F4xx_HAL_Driver/Src/stm32f4xx_hal_gpio.o
LOAD ./Drivers/STM32F4xx_HAL_Driver/Src/stm32f4xx_hal_i2c.o
LOAD ./Drivers/STM32F4xx_HAL_Driver/Src/stm32f4xx_hal_i2c_ex.o
LOAD ./Drivers/STM32F4xx_HAL_Driver/Src/stm32f4xx_hal_pwr.o
LOAD ./Drivers/STM32F4xx_HAL_Driver/Src/stm32f4xx_hal_pwr_ex.o
LOAD ./Drivers/STM32F4xx_HAL_Driver/Src/stm32f4xx_hal_rcc.o
LOAD ./Drivers/STM32F4xx_HAL_Driver/Src/stm32f4xx_hal_rcc_ex.o
LOAD ./Drivers/STM32F4xx_HAL_Driver/Src/stm32f4xx_hal_rtc.o
LOAD ./Drivers/STM32F4xx_HAL_Driver/Src/stm32f4xx_hal_rtc_ex.o
LOAD ./Drivers/STM32F4xx_HAL_Driver/Src/stm32f4xx_hal_uart.o
LOAD ./Drivers/STM32F4xx_HAL_Driver/Src/stm32f4xx_ll_exti.o
LOAD ./Drivers/STM32F4xx_HAL_Driver/Src/stm32f4xx_ll_gpio.o
LOAD ./Drivers/STM32F4xx_HAL_Driver/Src/stm32f4xx_ll_rcc.o
LOAD ./Drivers/STM32F4xx_HAL_Driver/Src/stm32f4xx_ll_utils.o
LOAD ./Services/Src/relay_manager.o
LOAD ./Services/Src/rtc_manager.o
LOAD ./Services/Src/sensor_manager.o
START GROUP
LOAD /opt/st/stm32cubeide_2.1.1/plugins/com.st.stm32cube.ide.mcu.externaltools.gnu-tools-for-stm32.14.3.rel1.linux64_1.0.100.202602081740/tools/bin/../lib/gcc/arm-none-eabi/14.3.1/../../../../arm-none-eabi/lib/thumb/v7e-m+fp/hard/libc_nano.a
LOAD /opt/st/stm32cubeide_2.1.1/plugins/com.st.stm32cube.ide.mcu.externaltools.gnu-tools-for-stm32.14.3.rel1.linux64_1.0.100.202602081740/tools/bin/../lib/gcc/arm-none-eabi/14.3.1/../../../../arm-none-eabi/lib/thumb/v7e-m+fp/hard/libm.a
END GROUP
START GROUP
LOAD /opt/st/stm32cubeide_2.1.1/plugins/com.st.stm32cube.ide.mcu.externaltools.gnu-tools-for-stm32.14.3.rel1.linux64_1.0.100.202602081740/tools/bin/../lib/gcc/arm-none-eabi/14.3.1/thumb/v7e-m+fp/hard/libgcc.a
LOAD /opt/st/stm32cubeide_2.1.1/plugins/com.st.stm32cube.ide.mcu.externaltools.gnu-tools-for-stm32.14.3.rel1.linux64_1.0.100.202602081740/tools/bin/../lib/gcc/arm-none-eabi/14.3.1/../../../../arm-none-eabi/lib/thumb/v7e-m+fp/hard/libc_nano.a
END GROUP
START GROUP
LOAD /opt/st/stm32cubeide_2.1.1/plugins/com.st.stm32cube.ide.mcu.externaltools.gnu-tools-for-stm32.14.3.rel1.linux64_1.0.100.202602081740/tools/bin/../lib/gcc/arm-none-eabi/14.3.1/thumb/v7e-m+fp/hard/libgcc.a
LOAD /opt/st/stm32cubeide_2.1.1/plugins/com.st.stm32cube.ide.mcu.externaltools.gnu-tools-for-stm32.14.3.rel1.linux64_1.0.100.202602081740/tools/bin/../lib/gcc/arm-none-eabi/14.3.1/../../../../arm-none-eabi/lib/thumb/v7e-m+fp/hard/libc_nano.a
LOAD /opt/st/stm32cubeide_2.1.1/plugins/com.st.stm32cube.ide.mcu.externaltools.gnu-tools-for-stm32.14.3.rel1.linux64_1.0.100.202602081740/tools/bin/../lib/gcc/arm-none-eabi/14.3.1/../../../../arm-none-eabi/lib/thumb/v7e-m+fp/hard/libnosys.a
END GROUP
START GROUP
LOAD /opt/st/stm32cubeide_2.1.1/plugins/com.st.stm32cube.ide.mcu.externaltools.gnu-tools-for-stm32.14.3.rel1.linux64_1.0.100.202602081740/tools/bin/../lib/gcc/arm-none-eabi/14.3.1/thumb/v7e-m+fp/hard/libgcc.a
LOAD /opt/st/stm32cubeide_2.1.1/plugins/com.st.stm32cube.ide.mcu.externaltools.gnu-tools-for-stm32.14.3.rel1.linux64_1.0.100.202602081740/tools/bin/../lib/gcc/arm-none-eabi/14.3.1/../../../../arm-none-eabi/lib/thumb/v7e-m+fp/hard/libc_nano.a
LOAD /opt/st/stm32cubeide_2.1.1/plugins/com.st.stm32cube.ide.mcu.externaltools.gnu-tools-for-stm32.14.3.rel1.linux64_1.0.100.202602081740/tools/bin/../lib/gcc/arm-none-eabi/14.3.1/../../../../arm-none-eabi/lib/thumb/v7e-m+fp/hard/libnosys.a
END GROUP
LOAD /opt/st/stm32cubeide_2.1.1/plugins/com.st.stm32cube.ide.mcu.externaltools.gnu-tools-for-stm32.14.3.rel1.linux64_1.0.100.202602081740/tools/bin/../lib/gcc/arm-none-eabi/14.3.1/thumb/v7e-m+fp/hard/crtend.o
LOAD /opt/st/stm32cubeide_2.1.1/plugins/com.st.stm32cube.ide.mcu.externaltools.gnu-tools-for-stm32.14.3.rel1.linux64_1.0.100.202602081740/tools/bin/../lib/gcc/arm-none-eabi/14.3.1/thumb/v7e-m+fp/hard/crtn.o
                0x20020000                        _estack = (ORIGIN (RAM) + LENGTH (RAM))
                0x00000200                        _Min_Heap_Size = 0x200
                0x00000400                        _Min_Stack_Size = 0x400

.isr_vector     0x08000000      0x198
                0x08000000                        . = ALIGN (0x4)
 *(.isr_vector)
 .isr_vector    0x08000000      0x198 ./Core/Startup/startup_stm32f411ceux.o
                0x08000000                g_pfnVectors
                0x08000198                        . = ALIGN (0x4)

.text           0x080001a0     0xcbbc
                0x080001a0                        . = ALIGN (0x4)
 *(.text)
 .text          0x080001a0       0x40 /opt/st/stm32cubeide_2.1.1/plugins/com.st.stm32cube.ide.mcu.externaltools.gnu-tools-for-stm32.14.3.rel1.linux64_1.0.100.202602081740/tools/bin/../lib/gcc/arm-none-eabi/14.3.1/thumb/v7e-m+fp/hard/crtbegin.o
 .text          0x080001e0       0xa0 /opt/st/stm32cubeide_2.1.1/plugins/com.st.stm32cube.ide.mcu.externaltools.gnu-tools-for-stm32.14.3.rel1.linux64_1.0.100.202602081740/tools/bin/../lib/gcc/arm-none-eabi/14.3.1/../../../../arm-none-eabi/lib/thumb/v7e-m+fp/hard/libc_nano.a(libc_a-memchr.o)
                0x080001e0                memchr
 .text          0x08000280       0x10 /opt/st/stm32cubeide_2.1.1/plugins/com.st.stm32cube.ide.mcu.externaltools.gnu-tools-for-stm32.14.3.rel1.linux64_1.0.100.202602081740/tools/bin/../lib/gcc/arm-none-eabi/14.3.1/../../../../arm-none-eabi/lib/thumb/v7e-m+fp/hard/libc_nano.a(libc_a-strlen.o)
                0x08000280                strlen
 .text          0x08000290      0x378 /opt/st/stm32cubeide_2.1.1/plugins/com.st.stm32cube.ide.mcu.externaltools.gnu-tools-for-stm32.14.3.rel1.linux64_1.0.100.202602081740/tools/bin/../lib/gcc/arm-none-eabi/14.3.1/thumb/v7e-m+fp/hard/libgcc.a(_arm_addsubdf3.o)
                0x08000290                __aeabi_drsub
                0x08000298                __aeabi_dsub
                0x08000298                __subdf3
                0x0800029c                __adddf3
                0x0800029c                __aeabi_dadd
                0x08000514                __aeabi_ui2d
                0x08000514                __floatunsidf
                0x08000534                __floatsidf
                0x08000534                __aeabi_i2d
                0x08000558                __extendsfdf2
                0x08000558                __aeabi_f2d
                0x0800059c                __aeabi_ul2d
                0x0800059c                __floatundidf
                0x080005ac                __floatdidf
                0x080005ac                __aeabi_l2d
 .text          0x08000608      0x424 /opt/st/stm32cubeide_2.1.1/plugins/com.st.stm32cube.ide.mcu.externaltools.gnu-tools-for-stm32.14.3.rel1.linux64_1.0.100.202602081740/tools/bin/../lib/gcc/arm-none-eabi/14.3.1/thumb/v7e-m+fp/hard/libgcc.a(_arm_muldivdf3.o)
                0x08000608                __aeabi_dmul
                0x08000608                __muldf3
                0x0800085c                __aeabi_ddiv
                0x0800085c                __divdf3
 .text          0x08000a2c      0x110 /opt/st/stm32cubeide_2.1.1/plugins/com.st.stm32cube.ide.mcu.externaltools.gnu-tools-for-stm32.14.3.rel1.linux64_1.0.100.202602081740/tools/bin/../lib/gcc/arm-none-eabi/14.3.1/thumb/v7e-m+fp/hard/libgcc.a(_arm_cmpdf2.o)
                0x08000a2c                __gtdf2
                0x08000a2c                __gedf2
                0x08000a34                __ltdf2
                0x08000a34                __ledf2
                0x08000a3c                __cmpdf2
                0x08000a3c                __eqdf2
                0x08000a3c                __nedf2
                0x08000ab8                __aeabi_cdrcmple
                0x08000ac8                __aeabi_cdcmple
                0x08000ac8                __aeabi_cdcmpeq
                0x08000ad8                __aeabi_dcmpeq
                0x08000aec                __aeabi_dcmplt
                0x08000b00                __aeabi_dcmple
                0x08000b14                __aeabi_dcmpge
                0x08000b28                __aeabi_dcmpgt
 .text          0x08000b3c       0x2c /opt/st/stm32cubeide_2.1.1/plugins/com.st.stm32cube.ide.mcu.externaltools.gnu-tools-for-stm32.14.3.rel1.linux64_1.0.100.202602081740/tools/bin/../lib/gcc/arm-none-eabi/14.3.1/thumb/v7e-m+fp/hard/libgcc.a(_arm_unorddf2.o)
                0x08000b3c                __aeabi_dcmpun
                0x08000b3c                __unorddf2
 .text          0x08000b68       0x50 /opt/st/stm32cubeide_2.1.1/plugins/com.st.stm32cube.ide.mcu.externaltools.gnu-tools-for-stm32.14.3.rel1.linux64_1.0.100.202602081740/tools/bin/../lib/gcc/arm-none-eabi/14.3.1/thumb/v7e-m+fp/hard/libgcc.a(_arm_fixdfsi.o)
                0x08000b68                __fixdfsi
                0x08000b68                __aeabi_d2iz
 .text          0x08000bb8       0x30 /opt/st/stm32cubeide_2.1.1/plugins/com.st.stm32cube.ide.mcu.externaltools.gnu-tools-for-stm32.14.3.rel1.linux64_1.0.100.202602081740/tools/bin/../lib/gcc/arm-none-eabi/14.3.1/thumb/v7e-m+fp/hard/libgcc.a(_aeabi_uldivmod.o)
                0x08000bb8                __aeabi_uldivmod
 .text          0x08000be8      0x2f8 /opt/st/stm32cubeide_2.1.1/plugins/com.st.stm32cube.ide.mcu.externaltools.gnu-tools-for-stm32.14.3.rel1.linux64_1.0.100.202602081740/tools/bin/../lib/gcc/arm-none-eabi/14.3.1/thumb/v7e-m+fp/hard/libgcc.a(_udivmoddi4.o)
                0x08000be8                __udivmoddi4
 .text          0x08000ee0        0x4 /opt/st/stm32cubeide_2.1.1/plugins/com.st.stm32cube.ide.mcu.externaltools.gnu-tools-for-stm32.14.3.rel1.linux64_1.0.100.202602081740/tools/bin/../lib/gcc/arm-none-eabi/14.3.1/thumb/v7e-m+fp/hard/libgcc.a(_dvmd_tls.o)
                0x08000ee0                __aeabi_ldiv0
                0x08000ee0                __aeabi_idiv0
 *(.text*)
 .text.get_huart
                0x08000ee4       0x18 ./App/Src/communication_manager.o
 .text.reset_rx_line
                0x08000efc       0x24 ./App/Src/communication_manager.o
 .text.process_line
                0x08000f20      0x200 ./App/Src/communication_manager.o
 .text.comm_manager_init
                0x08001120       0xa0 ./App/Src/communication_manager.o
                0x08001120                comm_manager_init
 .text.comm_manager_send_data
                0x080011c0      0x138 ./App/Src/communication_manager.o
                0x080011c0                comm_manager_send_data
 .text.comm_manager_process
                0x080012f8       0x50 ./App/Src/communication_manager.o
                0x080012f8                comm_manager_process
 .text.apply_relay
                0x08001348       0x26 ./App/Src/control_manager.o
 *fill*         0x0800136e        0x2 
 .text.control_manager_init
                0x08001370       0x88 ./App/Src/control_manager.o
                0x08001370                control_manager_init
 .text.control_manager_update
                0x080013f8      0x2dc ./App/Src/control_manager.o
                0x080013f8                control_manager_update
 .text.control_manager_set_mode
                0x080016d4       0x44 ./App/Src/control_manager.o
                0x080016d4                control_manager_set_mode
 .text.control_manager_get_mode
                0x08001718       0x40 ./App/Src/control_manager.o
                0x08001718                control_manager_get_mode
 .text.control_manager_manual_set
                0x08001758       0x4a ./App/Src/control_manager.o
                0x08001758                control_manager_manual_set
 *fill*         0x080017a2        0x2 
 .text.draw_string
                0x080017a4       0x3c ./App/Src/display_manager.o
 .text.clear_screen
                0x080017e0        0xe ./App/Src/display_manager.o
 .text.refresh_screen
                0x080017ee        0xc ./App/Src/display_manager.o
 *fill*         0x080017fa        0x2 
 .text.display_manager_init
                0x080017fc       0x48 ./App/Src/display_manager.o
                0x080017fc                display_manager_init
 .text.display_manager_update
                0x08001844      0x420 ./App/Src/display_manager.o
                0x08001844                display_manager_update
 .text.display_manager_show_splash
                0x08001c64       0x4c ./App/Src/display_manager.o
                0x08001c64                display_manager_show_splash
 .text.is_weekday_match
                0x08001cb0       0x4a ./App/Src/schedule_manager.o
 *fill*         0x08001cfa        0x2 
 .text.schedule_manager_init
                0x08001cfc       0xa4 ./App/Src/schedule_manager.o
                0x08001cfc                schedule_manager_init
 .text.schedule_manager_should_water
                0x08001da0      0x1a0 ./App/Src/schedule_manager.o
                0x08001da0                schedule_manager_should_water
 .text.schedule_manager_reset_daily
                0x08001f40       0x52 ./App/Src/schedule_manager.o
                0x08001f40                schedule_manager_reset_daily
 .text.ITM_SendChar
                0x08001f92       0x4e ./Common/Src/debug_log.o
 .text.debug_putchar
                0x08001fe0       0x1a ./Common/Src/debug_log.o
 .text.debug_log_init
                0x08001ffa        0xe ./Common/Src/debug_log.o
                0x08001ffa                debug_log_init
 .text.debug_log
                0x08002008       0x74 ./Common/Src/debug_log.o
                0x08002008                debug_log
 .text.timing_init
                0x0800207c       0x68 ./Common/Src/timing.o
                0x0800207c                timing_init
 .text.timing_get_tick
                0x080020e4       0x18 ./Common/Src/timing.o
 .text.timing_get_us
                0x080020fc       0x28 ./Common/Src/timing.o
                0x080020fc                timing_get_us
 .text.timing_get_ms
                0x08002124       0x28 ./Common/Src/timing.o
                0x08002124                timing_get_ms
 .text.timing_delay_us
                0x0800214c       0x44 ./Common/Src/timing.o
                0x0800214c                timing_delay_us
 .text.timing_delay_ms
                0x08002190       0x44 ./Common/Src/timing.o
                0x08002190                timing_delay_ms
 .text.MX_ADC1_Init
                0x080021d4       0xa4 ./Core/Src/adc.o
                0x080021d4                MX_ADC1_Init
 .text.HAL_ADC_MspInit
                0x08002278       0xec ./Core/Src/adc.o
                0x08002278                HAL_ADC_MspInit
 .text.MX_DMA_Init
                0x08002364       0x6c ./Core/Src/dma.o
                0x08002364                MX_DMA_Init
 .text.LL_GPIO_SetOutputPin
                0x080023d0       0x1c ./Core/Src/gpio.o
 .text.LL_GPIO_ResetOutputPin
                0x080023ec       0x1e ./Core/Src/gpio.o
 *fill*         0x0800240a        0x2 
 .text.LL_AHB1_GRP1_EnableClock
                0x0800240c       0x30 ./Core/Src/gpio.o
 .text.MX_GPIO_Init
                0x0800243c       0xb4 ./Core/Src/gpio.o
                0x0800243c                MX_GPIO_Init
 .text.MX_I2C1_Init
                0x080024f0       0x5c ./Core/Src/i2c.o
                0x080024f0                MX_I2C1_Init
 .text.HAL_I2C_MspInit
                0x0800254c       0x90 ./Core/Src/i2c.o
                0x0800254c                HAL_I2C_MspInit
 .text.LL_GPIO_TogglePin
                0x080025dc       0x32 ./Core/Src/main.o
 *fill*         0x0800260e        0x2 
 .text.main     0x08002610      0x390 ./Core/Src/main.o
                0x08002610                main
 .text.SystemClock_Config
                0x080029a0       0xd4 ./Core/Src/main.o
                0x080029a0                SystemClock_Config
 .text.dht11_adapter_read
                0x08002a74       0x92 ./Core/Src/main.o
 .text.bh1750_adapter_read
                0x08002b06       0x3e ./Core/Src/main.o
 .text.ds18b20_adapter_read
                0x08002b44       0x34 ./Core/Src/main.o
 .text.soil_adapter_read
                0x08002b78       0xdc ./Core/Src/main.o
 .text.on_command_received
                0x08002c54      0x130 ./Core/Src/main.o
 .text.Error_Handler
                0x08002d84       0x20 ./Core/Src/main.o
                0x08002d84                Error_Handler
 .text.MX_RTC_Init
                0x08002da4       0xb4 ./Core/Src/rtc.o
                0x08002da4                MX_RTC_Init
 .text.HAL_RTC_MspInit
                0x08002e58       0x58 ./Core/Src/rtc.o
                0x08002e58                HAL_RTC_MspInit
 .text.HAL_MspInit
                0x08002eb0       0x50 ./Core/Src/stm32f4xx_hal_msp.o
                0x08002eb0                HAL_MspInit
 .text.NMI_Handler
                0x08002f00        0x8 ./Core/Src/stm32f4xx_it.o
                0x08002f00                NMI_Handler
 .text.HardFault_Handler
                0x08002f08        0x8 ./Core/Src/stm32f4xx_it.o
                0x08002f08                HardFault_Handler
 .text.MemManage_Handler
                0x08002f10        0x8 ./Core/Src/stm32f4xx_it.o
                0x08002f10                MemManage_Handler
 .text.BusFault_Handler
                0x08002f18        0x8 ./Core/Src/stm32f4xx_it.o
                0x08002f18                BusFault_Handler
 .text.UsageFault_Handler
                0x08002f20        0x8 ./Core/Src/stm32f4xx_it.o
                0x08002f20                UsageFault_Handler
 .text.SVC_Handler
                0x08002f28        0xe ./Core/Src/stm32f4xx_it.o
                0x08002f28                SVC_Handler
 .text.DebugMon_Handler
                0x08002f36        0xe ./Core/Src/stm32f4xx_it.o
                0x08002f36                DebugMon_Handler
 .text.PendSV_Handler
                0x08002f44        0xe ./Core/Src/stm32f4xx_it.o
                0x08002f44                PendSV_Handler
 .text.SysTick_Handler
                0x08002f52        0xc ./Core/Src/stm32f4xx_it.o
                0x08002f52                SysTick_Handler
 *fill*         0x08002f5e        0x2 
 .text.DMA1_Stream5_IRQHandler
                0x08002f60       0x14 ./Core/Src/stm32f4xx_it.o
                0x08002f60                DMA1_Stream5_IRQHandler
 .text.DMA2_Stream0_IRQHandler
                0x08002f74       0x14 ./Core/Src/stm32f4xx_it.o
                0x08002f74                DMA2_Stream0_IRQHandler
 .text._getpid  0x08002f88       0x10 ./Core/Src/syscalls.o
                0x08002f88                _getpid
 .text._kill    0x08002f98       0x20 ./Core/Src/syscalls.o
                0x08002f98                _kill
 .text._exit    0x08002fb8       0x16 ./Core/Src/syscalls.o
                0x08002fb8                _exit
 .text._read    0x08002fce       0x3a ./Core/Src/syscalls.o
                0x08002fce                _read
 .text._write   0x08003008       0x38 ./Core/Src/syscalls.o
                0x08003008                _write
 .text._close   0x08003040       0x18 ./Core/Src/syscalls.o
                0x08003040                _close
 .text._fstat   0x08003058       0x20 ./Core/Src/syscalls.o
                0x08003058                _fstat
 .text._isatty  0x08003078       0x16 ./Core/Src/syscalls.o
                0x08003078                _isatty
 .text._lseek   0x0800308e       0x1a ./Core/Src/syscalls.o
                0x0800308e                _lseek
 .text._sbrk    0x080030a8       0x6c ./Core/Src/sysmem.o
                0x080030a8                _sbrk
 .text.SystemInit
                0x08003114       0x24 ./Core/Src/system_stm32f4xx.o
                0x08003114                SystemInit
 .text.SystemCoreClockUpdate
                0x08003138       0xec ./Core/Src/system_stm32f4xx.o
                0x08003138                SystemCoreClockUpdate
 .text.MX_USART2_UART_Init
                0x08003224       0x54 ./Core/Src/usart.o
                0x08003224                MX_USART2_UART_Init
 .text.HAL_UART_MspInit
                0x08003278       0xf4 ./Core/Src/usart.o
                0x08003278                HAL_UART_MspInit
 .text.Reset_Handler
                0x0800336c       0x50 ./Core/Startup/startup_stm32f411ceux.o
                0x0800336c                Reset_Handler
 .text.Default_Handler
                0x080033bc        0x2 ./Core/Startup/startup_stm32f411ceux.o
                0x080033bc                RTC_Alarm_IRQHandler
                0x080033bc                EXTI2_IRQHandler
                0x080033bc                SPI4_IRQHandler
                0x080033bc                TIM1_CC_IRQHandler
                0x080033bc                DMA2_Stream5_IRQHandler
                0x080033bc                PVD_IRQHandler
                0x080033bc                SDIO_IRQHandler
                0x080033bc                TAMP_STAMP_IRQHandler
                0x080033bc                EXTI3_IRQHandler
                0x080033bc                TIM1_UP_TIM10_IRQHandler
                0x080033bc                I2C3_ER_IRQHandler
                0x080033bc                EXTI0_IRQHandler
                0x080033bc                I2C2_EV_IRQHandler
                0x080033bc                DMA1_Stream2_IRQHandler
                0x080033bc                FPU_IRQHandler
                0x080033bc                DMA2_Stream2_IRQHandler
                0x080033bc                SPI1_IRQHandler
                0x080033bc                TIM1_BRK_TIM9_IRQHandler
                0x080033bc                DMA2_Stream3_IRQHandler
                0x080033bc                USART6_IRQHandler
                0x080033bc                TIM4_IRQHandler
                0x080033bc                I2C1_EV_IRQHandler
                0x080033bc                DMA1_Stream6_IRQHandler
                0x080033bc                DMA1_Stream1_IRQHandler
                0x080033bc                TIM3_IRQHandler
                0x080033bc                RCC_IRQHandler
                0x080033bc                Default_Handler
                0x080033bc                EXTI15_10_IRQHandler
                0x080033bc                ADC_IRQHandler
                0x080033bc                DMA1_Stream7_IRQHandler
                0x080033bc                SPI5_IRQHandler
                0x080033bc                TIM5_IRQHandler
                0x080033bc                DMA2_Stream7_IRQHandler
                0x080033bc                I2C3_EV_IRQHandler
                0x080033bc                EXTI9_5_IRQHandler
                0x080033bc                RTC_WKUP_IRQHandler
                0x080033bc                SPI2_IRQHandler
                0x080033bc                DMA1_Stream0_IRQHandler
                0x080033bc                EXTI4_IRQHandler
                0x080033bc                WWDG_IRQHandler
                0x080033bc                TIM2_IRQHandler
                0x080033bc                OTG_FS_WKUP_IRQHandler
                0x080033bc                TIM1_TRG_COM_TIM11_IRQHandler
                0x080033bc                EXTI1_IRQHandler
                0x080033bc                USART2_IRQHandler
                0x080033bc                I2C2_ER_IRQHandler
                0x080033bc                DMA2_Stream1_IRQHandler
                0x080033bc                FLASH_IRQHandler
                0x080033bc                DMA2_Stream4_IRQHandler
                0x080033bc                USART1_IRQHandler
                0x080033bc                OTG_FS_IRQHandler
                0x080033bc                SPI3_IRQHandler
                0x080033bc                DMA1_Stream4_IRQHandler
                0x080033bc                I2C1_ER_IRQHandler
                0x080033bc                DMA2_Stream6_IRQHandler
                0x080033bc                DMA1_Stream3_IRQHandler
 .text.bh1750_write_command
                0x080033be       0x6e ./Devices/Src/bh1750.o
 .text.bh1750_read_data
                0x0800342c       0x72 ./Devices/Src/bh1750.o
 *fill*         0x0800349e        0x2 
 .text.bh1750_convert_to_lux
                0x080034a0       0x6c ./Devices/Src/bh1750.o
 .text.bh1750_init
                0x0800350c       0x7a ./Devices/Src/bh1750.o
                0x0800350c                bh1750_init
 .text.bh1750_read_lux
                0x08003586       0x68 ./Devices/Src/bh1750.o
                0x08003586                bh1750_read_lux
 .text.bh1750_set_mode
                0x080035ee       0x66 ./Devices/Src/bh1750.o
                0x080035ee                bh1750_set_mode
 .text.bh1750_power_on
                0x08003654       0x24 ./Devices/Src/bh1750.o
                0x08003654                bh1750_power_on
 .text.dht_init
                0x08003678       0x58 ./Devices/Src/dht.o
                0x08003678                dht_init
 .text.dht_get_min_interval_ms
                0x080036d0       0x26 ./Devices/Src/dht.o
                0x080036d0                dht_get_min_interval_ms
 .text.dht_is_ready
                0x080036f6       0xe2 ./Devices/Src/dht.o
                0x080036f6                dht_is_ready
 .text.dht_read
                0x080037d8       0xc4 ./Devices/Src/dht.o
                0x080037d8                dht_read
 .text.dht_set_pin_low
                0x0800389c       0x20 ./Devices/Src/dht.o
 .text.dht_set_pin_high
                0x080038bc       0x20 ./Devices/Src/dht.o
 .text.dht_read_pin
                0x080038dc       0x22 ./Devices/Src/dht.o
 .text.dht_enter_critical
                0x080038fe       0x12 ./Devices/Src/dht.o
 .text.dht_exit_critical
                0x08003910       0x12 ./Devices/Src/dht.o
 .text.dht_send_start_signal
                0x08003922       0x3c ./Devices/Src/dht.o
 .text.dht_wait_for_level
                0x0800395e       0x76 ./Devices/Src/dht.o
 .text.dht_measure_high_us
                0x080039d4       0x7e ./Devices/Src/dht.o
 .text.dht_wait_for_sensor_response
                0x08003a52       0x4c ./Devices/Src/dht.o
 .text.dht_capture_frame
                0x08003a9e       0xc4 ./Devices/Src/dht.o
 .text.dht_checksum_ok
                0x08003b62       0x48 ./Devices/Src/dht.o
 .text.dht_decode_dht11
                0x08003baa       0x76 ./Devices/Src/dht.o
 .text.dht_decode_dht22
                0x08003c20       0x72 ./Devices/Src/dht.o
 .text.dht_mark_sampled
                0x08003c92       0x28 ./Devices/Src/dht.o
 .text.LL_GPIO_SetPinMode
                0x08003cba       0x7a ./Devices/Src/ds18b20.o
 .text.LL_GPIO_SetPinOutputType
                0x08003d34       0x30 ./Devices/Src/ds18b20.o
 .text.LL_GPIO_IsInputPinSet
                0x08003d64       0x2a ./Devices/Src/ds18b20.o
 .text.LL_GPIO_ResetOutputPin
                0x08003d8e       0x1e ./Devices/Src/ds18b20.o
 .text.ow_drive_low
                0x08003dac       0x40 ./Devices/Src/ds18b20.o
 .text.ow_release
                0x08003dec       0x20 ./Devices/Src/ds18b20.o
 .text.ow_sample
                0x08003e0c       0x24 ./Devices/Src/ds18b20.o
 .text.ow_reset
                0x08003e30       0x48 ./Devices/Src/ds18b20.o
 .text.ow_write_bit
                0x08003e78       0x4c ./Devices/Src/ds18b20.o
 .text.ow_write_byte
                0x08003ec4       0x40 ./Devices/Src/ds18b20.o
 .text.ow_read_bit
                0x08003f04       0x3a ./Devices/Src/ds18b20.o
 .text.ow_read_byte
                0x08003f3e       0x44 ./Devices/Src/ds18b20.o
 .text.compute_crc8
                0x08003f82       0x78 ./Devices/Src/ds18b20.o
 *fill*         0x08003ffa        0x2 
 .text.convert_raw_to_celsius
                0x08003ffc       0x4c ./Devices/Src/ds18b20.o
 .text.ds18b20_init
                0x08004048       0x58 ./Devices/Src/ds18b20.o
                0x08004048                ds18b20_init
 .text.ds18b20_start_conversion
                0x080040a0       0x60 ./Devices/Src/ds18b20.o
                0x080040a0                ds18b20_start_conversion
 .text.ds18b20_read
                0x08004100       0xce ./Devices/Src/ds18b20.o
                0x08004100                ds18b20_read
 .text.ds18b20_read_blocking
                0x080041ce       0x48 ./Devices/Src/ds18b20.o
                0x080041ce                ds18b20_read_blocking
 .text.LL_GPIO_SetOutputPin
                0x08004216       0x1c ./Devices/Src/relay.o
 .text.LL_GPIO_ResetOutputPin
                0x08004232       0x1e ./Devices/Src/relay.o
 .text.apply_gpio_state
                0x08004250       0x3c ./Devices/Src/relay.o
 .text.is_valid_id
                0x0800428c       0x22 ./Devices/Src/relay.o
 .text.relay_init
                0x080042ae       0x74 ./Devices/Src/relay.o
                0x080042ae                relay_init
 .text.relay_set
                0x08004322       0x62 ./Devices/Src/relay.o
                0x08004322                relay_set
 .text.relay_all_off
                0x08004384       0x5a ./Devices/Src/relay.o
                0x08004384                relay_all_off
 *fill*         0x080043de        0x2 
 .text.sh1106_init
                0x080043e0      0x2a0 ./Devices/Src/sh1106.o
                0x080043e0                sh1106_init
 .text.sh1106_update_screen
                0x08004680       0xa4 ./Devices/Src/sh1106.o
                0x08004680                sh1106_update_screen
 .text.sh1106_fill
                0x08004724       0x34 ./Devices/Src/sh1106.o
                0x08004724                sh1106_fill
 .text.sh1106_draw_pixel
                0x08004758       0xa0 ./Devices/Src/sh1106.o
                0x08004758                sh1106_draw_pixel
 .text.sh1106_goto_xy
                0x080047f8       0x2c ./Devices/Src/sh1106.o
                0x080047f8                sh1106_goto_xy
 .text.sh1106_put_char
                0x08004824      0x108 ./Devices/Src/sh1106.o
                0x08004824                sh1106_put_char
 .text.sh1106_puts
                0x0800492c       0x52 ./Devices/Src/sh1106.o
                0x0800492c                sh1106_puts
 *fill*         0x0800497e        0x2 
 .text.sh1106_i2c_write
                0x08004980       0x48 ./Devices/Src/sh1106.o
                0x08004980                sh1106_i2c_write
 .text.sh1106_i2c_write_multi
                0x080049c8       0xec ./Devices/Src/sh1106.o
                0x080049c8                sh1106_i2c_write_multi
 .text.HAL_Init
                0x08004ab4       0x44 ./Drivers/STM32F4xx_HAL_Driver/Src/stm32f4xx_hal.o
                0x08004ab4                HAL_Init
 .text.HAL_InitTick
                0x08004af8       0x60 ./Drivers/STM32F4xx_HAL_Driver/Src/stm32f4xx_hal.o
                0x08004af8                HAL_InitTick
 .text.HAL_IncTick
                0x08004b58       0x28 ./Drivers/STM32F4xx_HAL_Driver/Src/stm32f4xx_hal.o
                0x08004b58                HAL_IncTick
 .text.HAL_GetTick
                0x08004b80       0x18 ./Drivers/STM32F4xx_HAL_Driver/Src/stm32f4xx_hal.o
                0x08004b80                HAL_GetTick
 .text.HAL_Delay
                0x08004b98       0x48 ./Drivers/STM32F4xx_HAL_Driver/Src/stm32f4xx_hal.o
                0x08004b98                HAL_Delay
 .text.HAL_ADC_Init
                0x08004be0       0x86 ./Drivers/STM32F4xx_HAL_Driver/Src/stm32f4xx_hal_adc.o
                0x08004be0                HAL_ADC_Init
 *fill*         0x08004c66        0x2 
 .text.HAL_ADC_Start
                0x08004c68      0x168 ./Drivers/STM32F4xx_HAL_Driver/Src/stm32f4xx_hal_adc.o
                0x08004c68                HAL_ADC_Start
 .text.HAL_ADC_Stop
                0x08004dd0       0x66 ./Drivers/STM32F4xx_HAL_Driver/Src/stm32f4xx_hal_adc.o
                0x08004dd0                HAL_ADC_Stop
 .text.HAL_ADC_PollForConversion
                0x08004e36      0x116 ./Drivers/STM32F4xx_HAL_Driver/Src/stm32f4xx_hal_adc.o
                0x08004e36                HAL_ADC_PollForConversion
 .text.HAL_ADC_GetValue
                0x08004f4c       0x1a ./Drivers/STM32F4xx_HAL_Driver/Src/stm32f4xx_hal_adc.o
                0x08004f4c                HAL_ADC_GetValue
 *fill*         0x08004f66        0x2 
 .text.HAL_ADC_ConfigChannel
                0x08004f68      0x264 ./Drivers/STM32F4xx_HAL_Driver/Src/stm32f4xx_hal_adc.o
                0x08004f68                HAL_ADC_ConfigChannel
 .text.ADC_Init
                0x080051cc      0x1f8 ./Drivers/STM32F4xx_HAL_Driver/Src/stm32f4xx_hal_adc.o
 .text.__NVIC_SetPriorityGrouping
                0x080053c4       0x48 ./Drivers/STM32F4xx_HAL_Driver/Src/stm32f4xx_hal_cortex.o
 .text.__NVIC_GetPriorityGrouping
                0x0800540c       0x1c ./Drivers/STM32F4xx_HAL_Driver/Src/stm32f4xx_hal_cortex.o
 .text.__NVIC_EnableIRQ
                0x08005428       0x3c ./Drivers/STM32F4xx_HAL_Driver/Src/stm32f4xx_hal_cortex.o
 .text.__NVIC_SetPriority
                0x08005464       0x54 ./Drivers/STM32F4xx_HAL_Driver/Src/stm32f4xx_hal_cortex.o
 .text.NVIC_EncodePriority
                0x080054b8       0x66 ./Drivers/STM32F4xx_HAL_Driver/Src/stm32f4xx_hal_cortex.o
 *fill*         0x0800551e        0x2 
 .text.SysTick_Config
                0x08005520       0x44 ./Drivers/STM32F4xx_HAL_Driver/Src/stm32f4xx_hal_cortex.o
 .text.HAL_NVIC_SetPriorityGrouping
                0x08005564       0x16 ./Drivers/STM32F4xx_HAL_Driver/Src/stm32f4xx_hal_cortex.o
                0x08005564                HAL_NVIC_SetPriorityGrouping
 .text.HAL_NVIC_SetPriority
                0x0800557a       0x38 ./Drivers/STM32F4xx_HAL_Driver/Src/stm32f4xx_hal_cortex.o
                0x0800557a                HAL_NVIC_SetPriority
 .text.HAL_NVIC_EnableIRQ
                0x080055b2       0x1c ./Drivers/STM32F4xx_HAL_Driver/Src/stm32f4xx_hal_cortex.o
                0x080055b2                HAL_NVIC_EnableIRQ
 .text.HAL_SYSTICK_Config
                0x080055ce       0x18 ./Drivers/STM32F4xx_HAL_Driver/Src/stm32f4xx_hal_cortex.o
                0x080055ce                HAL_SYSTICK_Config
 *fill*         0x080055e6        0x2 
 .text.HAL_DMA_Init
                0x080055e8      0x15c ./Drivers/STM32F4xx_HAL_Driver/Src/stm32f4xx_hal_dma.o
                0x080055e8                HAL_DMA_Init
 .text.HAL_DMA_IRQHandler
                0x08005744      0x314 ./Drivers/STM32F4xx_HAL_Driver/Src/stm32f4xx_hal_dma.o
                0x08005744                HAL_DMA_IRQHandler
 .text.DMA_CalcBaseAndBitshift
                0x08005a58       0x6c ./Drivers/STM32F4xx_HAL_Driver/Src/stm32f4xx_hal_dma.o
 .text.DMA_CheckFifoParam
                0x08005ac4       0xf8 ./Drivers/STM32F4xx_HAL_Driver/Src/stm32f4xx_hal_dma.o
 .text.HAL_GPIO_Init
                0x08005bbc      0x308 ./Drivers/STM32F4xx_HAL_Driver/Src/stm32f4xx_hal_gpio.o
                0x08005bbc                HAL_GPIO_Init
 .text.HAL_GPIO_ReadPin
                0x08005ec4       0x30 ./Drivers/STM32F4xx_HAL_Driver/Src/stm32f4xx_hal_gpio.o
                0x08005ec4                HAL_GPIO_ReadPin
 .text.HAL_GPIO_WritePin
                0x08005ef4       0x32 ./Drivers/STM32F4xx_HAL_Driver/Src/stm32f4xx_hal_gpio.o
                0x08005ef4                HAL_GPIO_WritePin
 *fill*         0x08005f26        0x2 
 .text.HAL_I2C_Init
                0x08005f28      0x288 ./Drivers/STM32F4xx_HAL_Driver/Src/stm32f4xx_hal_i2c.o
                0x08005f28                HAL_I2C_Init
 .text.HAL_I2C_Master_Transmit
                0x080061b0      0x1fc ./Drivers/STM32F4xx_HAL_Driver/Src/stm32f4xx_hal_i2c.o
                0x080061b0                HAL_I2C_Master_Transmit
 .text.HAL_I2C_Master_Receive
                0x080063ac      0x464 ./Drivers/STM32F4xx_HAL_Driver/Src/stm32f4xx_hal_i2c.o
                0x080063ac                HAL_I2C_Master_Receive
 .text.HAL_I2C_IsDeviceReady
                0x08006810      0x25c ./Drivers/STM32F4xx_HAL_Driver/Src/stm32f4xx_hal_i2c.o
                0x08006810                HAL_I2C_IsDeviceReady
 .text.I2C_MasterRequestWrite
                0x08006a6c      0x104 ./Drivers/STM32F4xx_HAL_Driver/Src/stm32f4xx_hal_i2c.o
 .text.I2C_MasterRequestRead
                0x08006b70      0x19c ./Drivers/STM32F4xx_HAL_Driver/Src/stm32f4xx_hal_i2c.o
 .text.I2C_WaitOnFlagUntilTimeout
                0x08006d0c       0xf4 ./Drivers/STM32F4xx_HAL_Driver/Src/stm32f4xx_hal_i2c.o
 .text.I2C_WaitOnMasterAddressFlagUntilTimeout
                0x08006e00      0x140 ./Drivers/STM32F4xx_HAL_Driver/Src/stm32f4xx_hal_i2c.o
 .text.I2C_WaitOnTXEFlagUntilTimeout
                0x08006f40       0x90 ./Drivers/STM32F4xx_HAL_Driver/Src/stm32f4xx_hal_i2c.o
 .text.I2C_WaitOnBTFFlagUntilTimeout
                0x08006fd0       0x90 ./Drivers/STM32F4xx_HAL_Driver/Src/stm32f4xx_hal_i2c.o
 .text.I2C_WaitOnRXNEFlagUntilTimeout
                0x08007060       0xba ./Drivers/STM32F4xx_HAL_Driver/Src/stm32f4xx_hal_i2c.o
 .text.I2C_IsAcknowledgeFailed
                0x0800711a       0x5e ./Drivers/STM32F4xx_HAL_Driver/Src/stm32f4xx_hal_i2c.o
 .text.HAL_RCC_OscConfig
                0x08007178      0x4f0 ./Drivers/STM32F4xx_HAL_Driver/Src/stm32f4xx_hal_rcc.o
                0x08007178                HAL_RCC_OscConfig
 .text.HAL_RCC_ClockConfig
                0x08007668      0x1cc ./Drivers/STM32F4xx_HAL_Driver/Src/stm32f4xx_hal_rcc.o
                0x08007668                HAL_RCC_ClockConfig
 .text.HAL_RCC_GetSysClockFreq
                0x08007834      0x188 ./Drivers/STM32F4xx_HAL_Driver/Src/stm32f4xx_hal_rcc.o
                0x08007834                HAL_RCC_GetSysClockFreq
 .text.HAL_RCC_GetHCLKFreq
                0x080079bc       0x18 ./Drivers/STM32F4xx_HAL_Driver/Src/stm32f4xx_hal_rcc.o
                0x080079bc                HAL_RCC_GetHCLKFreq
 .text.HAL_RCC_GetPCLK1Freq
                0x080079d4       0x28 ./Drivers/STM32F4xx_HAL_Driver/Src/stm32f4xx_hal_rcc.o
                0x080079d4                HAL_RCC_GetPCLK1Freq
 .text.HAL_RCC_GetPCLK2Freq
                0x080079fc       0x28 ./Drivers/STM32F4xx_HAL_Driver/Src/stm32f4xx_hal_rcc.o
                0x080079fc                HAL_RCC_GetPCLK2Freq
 .text.HAL_RCCEx_PeriphCLKConfig
                0x08007a24      0x1e0 ./Drivers/STM32F4xx_HAL_Driver/Src/stm32f4xx_hal_rcc_ex.o
                0x08007a24                HAL_RCCEx_PeriphCLKConfig
 .text.HAL_RTC_Init
                0x08007c04      0x102 ./Drivers/STM32F4xx_HAL_Driver/Src/stm32f4xx_hal_rtc.o
                0x08007c04                HAL_RTC_Init
 .text.HAL_RTC_SetTime
                0x08007d06      0x134 ./Drivers/STM32F4xx_HAL_Driver/Src/stm32f4xx_hal_rtc.o
                0x08007d06                HAL_RTC_SetTime
 .text.HAL_RTC_GetTime
                0x08007e3a       0xbc ./Drivers/STM32F4xx_HAL_Driver/Src/stm32f4xx_hal_rtc.o
                0x08007e3a                HAL_RTC_GetTime
 .text.HAL_RTC_SetDate
                0x08007ef6      0x108 ./Drivers/STM32F4xx_HAL_Driver/Src/stm32f4xx_hal_rtc.o
                0x08007ef6                HAL_RTC_SetDate
 .text.HAL_RTC_GetDate
                0x08007ffe       0x9e ./Drivers/STM32F4xx_HAL_Driver/Src/stm32f4xx_hal_rtc.o
                0x08007ffe                HAL_RTC_GetDate
 .text.HAL_RTC_WaitForSynchro
                0x0800809c       0x4c ./Drivers/STM32F4xx_HAL_Driver/Src/stm32f4xx_hal_rtc.o
                0x0800809c                HAL_RTC_WaitForSynchro
 .text.RTC_EnterInitMode
                0x080080e8       0x6e ./Drivers/STM32F4xx_HAL_Driver/Src/stm32f4xx_hal_rtc.o
                0x080080e8                RTC_EnterInitMode
 .text.RTC_ExitInitMode
                0x08008156       0x4a ./Drivers/STM32F4xx_HAL_Driver/Src/stm32f4xx_hal_rtc.o
                0x08008156                RTC_ExitInitMode
 .text.RTC_ByteToBcd2
                0x080081a0       0x3c ./Drivers/STM32F4xx_HAL_Driver/Src/stm32f4xx_hal_rtc.o
                0x080081a0                RTC_ByteToBcd2
 .text.RTC_Bcd2ToByte
                0x080081dc       0x3c ./Drivers/STM32F4xx_HAL_Driver/Src/stm32f4xx_hal_rtc.o
                0x080081dc                RTC_Bcd2ToByte
 .text.HAL_UART_Init
                0x08008218       0xa0 ./Drivers/STM32F4xx_HAL_Driver/Src/stm32f4xx_hal_uart.o
                0x08008218                HAL_UART_Init
 .text.HAL_UART_Transmit
                0x080082b8      0x116 ./Drivers/STM32F4xx_HAL_Driver/Src/stm32f4xx_hal_uart.o
                0x080082b8                HAL_UART_Transmit
 .text.HAL_UART_Receive_IT
                0x080083ce       0x4a ./Drivers/STM32F4xx_HAL_Driver/Src/stm32f4xx_hal_uart.o
                0x080083ce                HAL_UART_Receive_IT
 .text.UART_WaitOnFlagUntilTimeout
                0x08008418       0xb2 ./Drivers/STM32F4xx_HAL_Driver/Src/stm32f4xx_hal_uart.o
 .text.UART_Start_Receive_IT
                0x080084ca       0x74 ./Drivers/STM32F4xx_HAL_Driver/Src/stm32f4xx_hal_uart.o
                0x080084ca                UART_Start_Receive_IT
 .text.UART_EndRxTransfer
                0x0800853e       0xc6 ./Drivers/STM32F4xx_HAL_Driver/Src/stm32f4xx_hal_uart.o
 .text.UART_SetConfig
                0x08008604      0x4e8 ./Drivers/STM32F4xx_HAL_Driver/Src/stm32f4xx_hal_uart.o
 .text.LL_GPIO_SetPinMode
                0x08008aec       0x7a ./Drivers/STM32F4xx_HAL_Driver/Src/stm32f4xx_ll_gpio.o
 .text.LL_GPIO_SetPinOutputType
                0x08008b66       0x30 ./Drivers/STM32F4xx_HAL_Driver/Src/stm32f4xx_ll_gpio.o
 .text.LL_GPIO_SetPinSpeed
                0x08008b96       0x7a ./Drivers/STM32F4xx_HAL_Driver/Src/stm32f4xx_ll_gpio.o
 .text.LL_GPIO_SetPinPull
                0x08008c10       0x7a ./Drivers/STM32F4xx_HAL_Driver/Src/stm32f4xx_ll_gpio.o
 .text.LL_GPIO_SetAFPin_0_7
                0x08008c8a       0x7a ./Drivers/STM32F4xx_HAL_Driver/Src/stm32f4xx_ll_gpio.o
 .text.LL_GPIO_SetAFPin_8_15
                0x08008d04       0x7e ./Drivers/STM32F4xx_HAL_Driver/Src/stm32f4xx_ll_gpio.o
 .text.LL_GPIO_Init
                0x08008d82      0x102 ./Drivers/STM32F4xx_HAL_Driver/Src/stm32f4xx_ll_gpio.o
                0x08008d82                LL_GPIO_Init
 .text.is_relay_id_valid
                0x08008e84       0x2e ./Services/Src/relay_manager.o
 .text.apply_state
                0x08008eb2       0x4c ./Services/Src/relay_manager.o
 *fill*         0x08008efe        0x2 
 .text.relay_manager_init
                0x08008f00       0xb0 ./Services/Src/relay_manager.o
                0x08008f00                relay_manager_init
 .text.relay_manager_request
                0x08008fb0       0x56 ./Services/Src/relay_manager.o
                0x08008fb0                relay_manager_request
 .text.relay_manager_pulse
                0x08009006       0x74 ./Services/Src/relay_manager.o
                0x08009006                relay_manager_pulse
 .text.relay_manager_update
                0x0800907a       0xb8 ./Services/Src/relay_manager.o
                0x0800907a                relay_manager_update
 .text.relay_manager_get_state
                0x08009132       0x5c ./Services/Src/relay_manager.o
                0x08009132                relay_manager_get_state
 .text.relay_manager_get_status
                0x0800918e       0x48 ./Services/Src/relay_manager.o
                0x0800918e                relay_manager_get_status
 .text.get_hrtc
                0x080091d6       0x18 ./Services/Src/rtc_manager.o
 *fill*         0x080091ee        0x2 
 .text.rtc_manager_init
                0x080091f0       0x60 ./Services/Src/rtc_manager.o
                0x080091f0                rtc_manager_init
 .text.rtc_manager_get_time
                0x08009250       0x60 ./Services/Src/rtc_manager.o
                0x08009250                rtc_manager_get_time
 .text.rtc_manager_get_date
                0x080092b0       0x66 ./Services/Src/rtc_manager.o
                0x080092b0                rtc_manager_get_date
 .text.rtc_manager_set_time
                0x08009316       0x68 ./Services/Src/rtc_manager.o
                0x08009316                rtc_manager_set_time
 .text.rtc_manager_is_forbidden
                0x0800937e       0x56 ./Services/Src/rtc_manager.o
                0x0800937e                rtc_manager_is_forbidden
 .text.rtc_manager_time_to_seconds
                0x080093d4       0x42 ./Services/Src/rtc_manager.o
                0x080093d4                rtc_manager_time_to_seconds
 .text.is_mandatory_ready
                0x08009416       0x38 ./Services/Src/sensor_manager.o
 *fill*         0x0800944e        0x2 
 .text.sensor_manager_init
                0x08009450       0x60 ./Services/Src/sensor_manager.o
                0x08009450                sensor_manager_init
 .text.sensor_manager_read_all
                0x080094b0      0x14c ./Services/Src/sensor_manager.o
                0x080094b0                sensor_manager_read_all
 .text.sensor_manager_get_data
                0x080095fc       0x42 ./Services/Src/sensor_manager.o
                0x080095fc                sensor_manager_get_data
 .text.__cvt    0x0800963e       0xca /opt/st/stm32cubeide_2.1.1/plugins/com.st.stm32cube.ide.mcu.externaltools.gnu-tools-for-stm32.14.3.rel1.linux64_1.0.100.202602081740/tools/bin/../lib/gcc/arm-none-eabi/14.3.1/../../../../arm-none-eabi/lib/thumb/v7e-m+fp/hard/libc_nano.a(libc_a-nano-vfprintf_float.o)
                0x0800963e                __cvt
 .text.__exponent
                0x08009708       0x74 /opt/st/stm32cubeide_2.1.1/plugins/com.st.stm32cube.ide.mcu.externaltools.gnu-tools-for-stm32.14.3.rel1.linux64_1.0.100.202602081740/tools/bin/../lib/gcc/arm-none-eabi/14.3.1/../../../../arm-none-eabi/lib/thumb/v7e-m+fp/hard/libc_nano.a(libc_a-nano-vfprintf_float.o)
                0x08009708                __exponent
 .text._printf_float
                0x0800977c      0x450 /opt/st/stm32cubeide_2.1.1/plugins/com.st.stm32cube.ide.mcu.externaltools.gnu-tools-for-stm32.14.3.rel1.linux64_1.0.100.202602081740/tools/bin/../lib/gcc/arm-none-eabi/14.3.1/../../../../arm-none-eabi/lib/thumb/v7e-m+fp/hard/libc_nano.a(libc_a-nano-vfprintf_float.o)
                0x0800977c                _printf_float
 .text._printf_common
                0x08009bcc       0xda /opt/st/stm32cubeide_2.1.1/plugins/com.st.stm32cube.ide.mcu.externaltools.gnu-tools-for-stm32.14.3.rel1.linux64_1.0.100.202602081740/tools/bin/../lib/gcc/arm-none-eabi/14.3.1/../../../../arm-none-eabi/lib/thumb/v7e-m+fp/hard/libc_nano.a(libc_a-nano-vfprintf_i.o)
                0x08009bcc                _printf_common
 *fill*         0x08009ca6        0x2 
 .text._printf_i
                0x08009ca8      0x24c /opt/st/stm32cubeide_2.1.1/plugins/com.st.stm32cube.ide.mcu.externaltools.gnu-tools-for-stm32.14.3.rel1.linux64_1.0.100.202602081740/tools/bin/../lib/gcc/arm-none-eabi/14.3.1/../../../../arm-none-eabi/lib/thumb/v7e-m+fp/hard/libc_nano.a(libc_a-nano-vfprintf_i.o)
                0x08009ca8                _printf_i
 .text.std      0x08009ef4       0x6c /opt/st/stm32cubeide_2.1.1/plugins/com.st.stm32cube.ide.mcu.externaltools.gnu-tools-for-stm32.14.3.rel1.linux64_1.0.100.202602081740/tools/bin/../lib/gcc/arm-none-eabi/14.3.1/../../../../arm-none-eabi/lib/thumb/v7e-m+fp/hard/libc_nano.a(libc_a-findfp.o)
 .text.stdio_exit_handler
                0x08009f60       0x18 /opt/st/stm32cubeide_2.1.1/plugins/com.st.stm32cube.ide.mcu.externaltools.gnu-tools-for-stm32.14.3.rel1.linux64_1.0.100.202602081740/tools/bin/../lib/gcc/arm-none-eabi/14.3.1/../../../../arm-none-eabi/lib/thumb/v7e-m+fp/hard/libc_nano.a(libc_a-findfp.o)
 .text.cleanup_stdio
                0x08009f78       0x40 /opt/st/stm32cubeide_2.1.1/plugins/com.st.stm32cube.ide.mcu.externaltools.gnu-tools-for-stm32.14.3.rel1.linux64_1.0.100.202602081740/tools/bin/../lib/gcc/arm-none-eabi/14.3.1/../../../../arm-none-eabi/lib/thumb/v7e-m+fp/hard/libc_nano.a(libc_a-findfp.o)
 .text.global_stdio_init.part.0
                0x08009fb8       0x40 /opt/st/stm32cubeide_2.1.1/plugins/com.st.stm32cube.ide.mcu.externaltools.gnu-tools-for-stm32.14.3.rel1.linux64_1.0.100.202602081740/tools/bin/../lib/gcc/arm-none-eabi/14.3.1/../../../../arm-none-eabi/lib/thumb/v7e-m+fp/hard/libc_nano.a(libc_a-findfp.o)
 .text.__sfp_lock_acquire
                0x08009ff8        0xc /opt/st/stm32cubeide_2.1.1/plugins/com.st.stm32cube.ide.mcu.externaltools.gnu-tools-for-stm32.14.3.rel1.linux64_1.0.100.202602081740/tools/bin/../lib/gcc/arm-none-eabi/14.3.1/../../../../arm-none-eabi/lib/thumb/v7e-m+fp/hard/libc_nano.a(libc_a-findfp.o)
                0x08009ff8                __sfp_lock_acquire
 .text.__sfp_lock_release
                0x0800a004        0xc /opt/st/stm32cubeide_2.1.1/plugins/com.st.stm32cube.ide.mcu.externaltools.gnu-tools-for-stm32.14.3.rel1.linux64_1.0.100.202602081740/tools/bin/../lib/gcc/arm-none-eabi/14.3.1/../../../../arm-none-eabi/lib/thumb/v7e-m+fp/hard/libc_nano.a(libc_a-findfp.o)
                0x0800a004                __sfp_lock_release
 .text.__sinit  0x0800a010       0x30 /opt/st/stm32cubeide_2.1.1/plugins/com.st.stm32cube.ide.mcu.externaltools.gnu-tools-for-stm32.14.3.rel1.linux64_1.0.100.202602081740/tools/bin/../lib/gcc/arm-none-eabi/14.3.1/../../../../arm-none-eabi/lib/thumb/v7e-m+fp/hard/libc_nano.a(libc_a-findfp.o)
                0x0800a010                __sinit
 .text._fwalk_sglue
                0x0800a040       0x3c /opt/st/stm32cubeide_2.1.1/plugins/com.st.stm32cube.ide.mcu.externaltools.gnu-tools-for-stm32.14.3.rel1.linux64_1.0.100.202602081740/tools/bin/../lib/gcc/arm-none-eabi/14.3.1/../../../../arm-none-eabi/lib/thumb/v7e-m+fp/hard/libc_nano.a(libc_a-fwalk.o)
                0x0800a040                _fwalk_sglue
 .text.snprintf
                0x0800a07c       0x6c /opt/st/stm32cubeide_2.1.1/plugins/com.st.stm32cube.ide.mcu.externaltools.gnu-tools-for-stm32.14.3.rel1.linux64_1.0.100.202602081740/tools/bin/../lib/gcc/arm-none-eabi/14.3.1/../../../../arm-none-eabi/lib/thumb/v7e-m+fp/hard/libc_nano.a(libc_a-snprintf.o)
                0x0800a07c                snprintf
                0x0800a07c                sniprintf
 .text.sscanf   0x0800a0e8       0x58 /opt/st/stm32cubeide_2.1.1/plugins/com.st.stm32cube.ide.mcu.externaltools.gnu-tools-for-stm32.14.3.rel1.linux64_1.0.100.202602081740/tools/bin/../lib/gcc/arm-none-eabi/14.3.1/../../../../arm-none-eabi/lib/thumb/v7e-m+fp/hard/libc_nano.a(libc_a-sscanf.o)
                0x0800a0e8                sscanf
                0x0800a0e8                siscanf
 .text.__sread  0x0800a140       0x22 /opt/st/stm32cubeide_2.1.1/plugins/com.st.stm32cube.ide.mcu.externaltools.gnu-tools-for-stm32.14.3.rel1.linux64_1.0.100.202602081740/tools/bin/../lib/gcc/arm-none-eabi/14.3.1/../../../../arm-none-eabi/lib/thumb/v7e-m+fp/hard/libc_nano.a(libc_a-stdio.o)
                0x0800a140                __sread
 .text.__seofread
                0x0800a162        0x4 /opt/st/stm32cubeide_2.1.1/plugins/com.st.stm32cube.ide.mcu.externaltools.gnu-tools-for-stm32.14.3.rel1.linux64_1.0.100.202602081740/tools/bin/../lib/gcc/arm-none-eabi/14.3.1/../../../../arm-none-eabi/lib/thumb/v7e-m+fp/hard/libc_nano.a(libc_a-stdio.o)
                0x0800a162                __seofread
 .text.__swrite
                0x0800a166       0x38 /opt/st/stm32cubeide_2.1.1/plugins/com.st.stm32cube.ide.mcu.externaltools.gnu-tools-for-stm32.14.3.rel1.linux64_1.0.100.202602081740/tools/bin/../lib/gcc/arm-none-eabi/14.3.1/../../../../arm-none-eabi/lib/thumb/v7e-m+fp/hard/libc_nano.a(libc_a-stdio.o)
                0x0800a166                __swrite
 .text.__sseek  0x0800a19e       0x26 /opt/st/stm32cubeide_2.1.1/plugins/com.st.stm32cube.ide.mcu.externaltools.gnu-tools-for-stm32.14.3.rel1.linux64_1.0.100.202602081740/tools/bin/../lib/gcc/arm-none-eabi/14.3.1/../../../../arm-none-eabi/lib/thumb/v7e-m+fp/hard/libc_nano.a(libc_a-stdio.o)
                0x0800a19e                __sseek
 .text.__sclose
                0x0800a1c4        0x8 /opt/st/stm32cubeide_2.1.1/plugins/com.st.stm32cube.ide.mcu.externaltools.gnu-tools-for-stm32.14.3.rel1.linux64_1.0.100.202602081740/tools/bin/../lib/gcc/arm-none-eabi/14.3.1/../../../../arm-none-eabi/lib/thumb/v7e-m+fp/hard/libc_nano.a(libc_a-stdio.o)
                0x0800a1c4                __sclose
 .text._vsnprintf_r
                0x0800a1cc       0x5c /opt/st/stm32cubeide_2.1.1/plugins/com.st.stm32cube.ide.mcu.externaltools.gnu-tools-for-stm32.14.3.rel1.linux64_1.0.100.202602081740/tools/bin/../lib/gcc/arm-none-eabi/14.3.1/../../../../arm-none-eabi/lib/thumb/v7e-m+fp/hard/libc_nano.a(libc_a-vsnprintf.o)
                0x0800a1cc                _vsnprintf_r
                0x0800a1cc                _vsniprintf_r
 .text.vsnprintf
                0x0800a228       0x1c /opt/st/stm32cubeide_2.1.1/plugins/com.st.stm32cube.ide.mcu.externaltools.gnu-tools-for-stm32.14.3.rel1.linux64_1.0.100.202602081740/tools/bin/../lib/gcc/arm-none-eabi/14.3.1/../../../../arm-none-eabi/lib/thumb/v7e-m+fp/hard/libc_nano.a(libc_a-vsnprintf.o)
                0x0800a228                vsnprintf
                0x0800a228                vsniprintf
 .text.memset   0x0800a244       0x10 /opt/st/stm32cubeide_2.1.1/plugins/com.st.stm32cube.ide.mcu.externaltools.gnu-tools-for-stm32.14.3.rel1.linux64_1.0.100.202602081740/tools/bin/../lib/gcc/arm-none-eabi/14.3.1/../../../../arm-none-eabi/lib/thumb/v7e-m+fp/hard/libc_nano.a(libc_a-memset.o)
                0x0800a244                memset
 .text.strcat   0x0800a254       0x1e /opt/st/stm32cubeide_2.1.1/plugins/com.st.stm32cube.ide.mcu.externaltools.gnu-tools-for-stm32.14.3.rel1.linux64_1.0.100.202602081740/tools/bin/../lib/gcc/arm-none-eabi/14.3.1/../../../../arm-none-eabi/lib/thumb/v7e-m+fp/hard/libc_nano.a(libc_a-strcat.o)
                0x0800a254                strcat
 .text.strncmp  0x0800a272       0x24 /opt/st/stm32cubeide_2.1.1/plugins/com.st.stm32cube.ide.mcu.externaltools.gnu-tools-for-stm32.14.3.rel1.linux64_1.0.100.202602081740/tools/bin/../lib/gcc/arm-none-eabi/14.3.1/../../../../arm-none-eabi/lib/thumb/v7e-m+fp/hard/libc_nano.a(libc_a-strncmp.o)
                0x0800a272                strncmp
 *fill*         0x0800a296        0x2 
 .text._localeconv_r
                0x0800a298        0x8 /opt/st/stm32cubeide_2.1.1/plugins/com.st.stm32cube.ide.mcu.externaltools.gnu-tools-for-stm32.14.3.rel1.linux64_1.0.100.202602081740/tools/bin/../lib/gcc/arm-none-eabi/14.3.1/../../../../arm-none-eabi/lib/thumb/v7e-m+fp/hard/libc_nano.a(libc_a-localeconv.o)
                0x0800a298                _localeconv_r
 .text._close_r
                0x0800a2a0       0x20 /opt/st/stm32cubeide_2.1.1/plugins/com.st.stm32cube.ide.mcu.externaltools.gnu-tools-for-stm32.14.3.rel1.linux64_1.0.100.202602081740/tools/bin/../lib/gcc/arm-none-eabi/14.3.1/../../../../arm-none-eabi/lib/thumb/v7e-m+fp/hard/libc_nano.a(libc_a-closer.o)
                0x0800a2a0                _close_r
 .text._lseek_r
                0x0800a2c0       0x24 /opt/st/stm32cubeide_2.1.1/plugins/com.st.stm32cube.ide.mcu.externaltools.gnu-tools-for-stm32.14.3.rel1.linux64_1.0.100.202602081740/tools/bin/../lib/gcc/arm-none-eabi/14.3.1/../../../../arm-none-eabi/lib/thumb/v7e-m+fp/hard/libc_nano.a(libc_a-lseekr.o)
                0x0800a2c0                _lseek_r
 .text._read_r  0x0800a2e4       0x24 /opt/st/stm32cubeide_2.1.1/plugins/com.st.stm32cube.ide.mcu.externaltools.gnu-tools-for-stm32.14.3.rel1.linux64_1.0.100.202602081740/tools/bin/../lib/gcc/arm-none-eabi/14.3.1/../../../../arm-none-eabi/lib/thumb/v7e-m+fp/hard/libc_nano.a(libc_a-readr.o)
                0x0800a2e4                _read_r
 .text._write_r
                0x0800a308       0x24 /opt/st/stm32cubeide_2.1.1/plugins/com.st.stm32cube.ide.mcu.externaltools.gnu-tools-for-stm32.14.3.rel1.linux64_1.0.100.202602081740/tools/bin/../lib/gcc/arm-none-eabi/14.3.1/../../../../arm-none-eabi/lib/thumb/v7e-m+fp/hard/libc_nano.a(libc_a-writer.o)
                0x0800a308                _write_r
 .text.__errno  0x0800a32c        0xc /opt/st/stm32cubeide_2.1.1/plugins/com.st.stm32cube.ide.mcu.externaltools.gnu-tools-for-stm32.14.3.rel1.linux64_1.0.100.202602081740/tools/bin/../lib/gcc/arm-none-eabi/14.3.1/../../../../arm-none-eabi/lib/thumb/v7e-m+fp/hard/libc_nano.a(libc_a-errno.o)
                0x0800a32c                __errno
 .text.__libc_init_array
                0x0800a338       0x48 /opt/st/stm32cubeide_2.1.1/plugins/com.st.stm32cube.ide.mcu.externaltools.gnu-tools-for-stm32.14.3.rel1.linux64_1.0.100.202602081740/tools/bin/../lib/gcc/arm-none-eabi/14.3.1/../../../../arm-none-eabi/lib/thumb/v7e-m+fp/hard/libc_nano.a(libc_a-init.o)
                0x0800a338                __libc_init_array
 .text.__retarget_lock_init_recursive
                0x0800a380        0x2 /opt/st/stm32cubeide_2.1.1/plugins/com.st.stm32cube.ide.mcu.externaltools.gnu-tools-for-stm32.14.3.rel1.linux64_1.0.100.202602081740/tools/bin/../lib/gcc/arm-none-eabi/14.3.1/../../../../arm-none-eabi/lib/thumb/v7e-m+fp/hard/libc_nano.a(libc_a-lock.o)
                0x0800a380                __retarget_lock_init_recursive
 .text.__retarget_lock_acquire_recursive
                0x0800a382        0x2 /opt/st/stm32cubeide_2.1.1/plugins/com.st.stm32cube.ide.mcu.externaltools.gnu-tools-for-stm32.14.3.rel1.linux64_1.0.100.202602081740/tools/bin/../lib/gcc/arm-none-eabi/14.3.1/../../../../arm-none-eabi/lib/thumb/v7e-m+fp/hard/libc_nano.a(libc_a-lock.o)
                0x0800a382                __retarget_lock_acquire_recursive
 .text.__retarget_lock_release_recursive
                0x0800a384        0x2 /opt/st/stm32cubeide_2.1.1/plugins/com.st.stm32cube.ide.mcu.externaltools.gnu-tools-for-stm32.14.3.rel1.linux64_1.0.100.202602081740/tools/bin/../lib/gcc/arm-none-eabi/14.3.1/../../../../arm-none-eabi/lib/thumb/v7e-m+fp/hard/libc_nano.a(libc_a-lock.o)
                0x0800a384                __retarget_lock_release_recursive
 .text.memcpy   0x0800a386       0x1c /opt/st/stm32cubeide_2.1.1/plugins/com.st.stm32cube.ide.mcu.externaltools.gnu-tools-for-stm32.14.3.rel1.linux64_1.0.100.202602081740/tools/bin/../lib/gcc/arm-none-eabi/14.3.1/../../../../arm-none-eabi/lib/thumb/v7e-m+fp/hard/libc_nano.a(libc_a-memcpy-stub.o)
                0x0800a386                memcpy
 .text.quorem   0x0800a3a2      0x110 /opt/st/stm32cubeide_2.1.1/plugins/com.st.stm32cube.ide.mcu.externaltools.gnu-tools-for-stm32.14.3.rel1.linux64_1.0.100.202602081740/tools/bin/../lib/gcc/arm-none-eabi/14.3.1/../../../../arm-none-eabi/lib/thumb/v7e-m+fp/hard/libc_nano.a(libc_a-dtoa.o)
 *fill*         0x0800a4b2        0x6 
 .text._dtoa_r  0x0800a4b8      0xbb8 /opt/st/stm32cubeide_2.1.1/plugins/com.st.stm32cube.ide.mcu.externaltools.gnu-tools-for-stm32.14.3.rel1.linux64_1.0.100.202602081740/tools/bin/../lib/gcc/arm-none-eabi/14.3.1/../../../../arm-none-eabi/lib/thumb/v7e-m+fp/hard/libc_nano.a(libc_a-dtoa.o)
                0x0800a4b8                _dtoa_r
 .text._free_r  0x0800b070       0x94 /opt/st/stm32cubeide_2.1.1/plugins/com.st.stm32cube.ide.mcu.externaltools.gnu-tools-for-stm32.14.3.rel1.linux64_1.0.100.202602081740/tools/bin/../lib/gcc/arm-none-eabi/14.3.1/../../../../arm-none-eabi/lib/thumb/v7e-m+fp/hard/libc_nano.a(libc_a-freer.o)
                0x0800b070                _free_r
 .text.malloc   0x0800b104       0x10 /opt/st/stm32cubeide_2.1.1/plugins/com.st.stm32cube.ide.mcu.externaltools.gnu-tools-for-stm32.14.3.rel1.linux64_1.0.100.202602081740/tools/bin/../lib/gcc/arm-none-eabi/14.3.1/../../../../arm-none-eabi/lib/thumb/v7e-m+fp/hard/libc_nano.a(libc_a-malloc.o)
                0x0800b104                malloc
 .text.sbrk_aligned
                0x0800b114       0x44 /opt/st/stm32cubeide_2.1.1/plugins/com.st.stm32cube.ide.mcu.externaltools.gnu-tools-for-stm32.14.3.rel1.linux64_1.0.100.202602081740/tools/bin/../lib/gcc/arm-none-eabi/14.3.1/../../../../arm-none-eabi/lib/thumb/v7e-m+fp/hard/libc_nano.a(libc_a-mallocr.o)
 .text._malloc_r
                0x0800b158      0x100 /opt/st/stm32cubeide_2.1.1/plugins/com.st.stm32cube.ide.mcu.externaltools.gnu-tools-for-stm32.14.3.rel1.linux64_1.0.100.202602081740/tools/bin/../lib/gcc/arm-none-eabi/14.3.1/../../../../arm-none-eabi/lib/thumb/v7e-m+fp/hard/libc_nano.a(libc_a-mallocr.o)
                0x0800b158                _malloc_r
 .text.__malloc_lock
                0x0800b258        0xc /opt/st/stm32cubeide_2.1.1/plugins/com.st.stm32cube.ide.mcu.externaltools.gnu-tools-for-stm32.14.3.rel1.linux64_1.0.100.202602081740/tools/bin/../lib/gcc/arm-none-eabi/14.3.1/../../../../arm-none-eabi/lib/thumb/v7e-m+fp/hard/libc_nano.a(libc_a-mlock.o)
                0x0800b258                __malloc_lock
 .text.__malloc_unlock
                0x0800b264        0xc /opt/st/stm32cubeide_2.1.1/plugins/com.st.stm32cube.ide.mcu.externaltools.gnu-tools-for-stm32.14.3.rel1.linux64_1.0.100.202602081740/tools/bin/../lib/gcc/arm-none-eabi/14.3.1/../../../../arm-none-eabi/lib/thumb/v7e-m+fp/hard/libc_nano.a(libc_a-mlock.o)
                0x0800b264                __malloc_unlock
 .text._Balloc  0x0800b270       0x7c /opt/st/stm32cubeide_2.1.1/plugins/com.st.stm32cube.ide.mcu.externaltools.gnu-tools-for-stm32.14.3.rel1.linux64_1.0.100.202602081740/tools/bin/../lib/gcc/arm-none-eabi/14.3.1/../../../../arm-none-eabi/lib/thumb/v7e-m+fp/hard/libc_nano.a(libc_a-mprec.o)
                0x0800b270                _Balloc
 .text._Bfree   0x0800b2ec       0x44 /opt/st/stm32cubeide_2.1.1/plugins/com.st.stm32cube.ide.mcu.externaltools.gnu-tools-for-stm32.14.3.rel1.linux64_1.0.100.202602081740/tools/bin/../lib/gcc/arm-none-eabi/14.3.1/../../../../arm-none-eabi/lib/thumb/v7e-m+fp/hard/libc_nano.a(libc_a-mprec.o)
                0x0800b2ec                _Bfree
 .text.__multadd
                0x0800b330       0x8c /opt/st/stm32cubeide_2.1.1/plugins/com.st.stm32cube.ide.mcu.externaltools.gnu-tools-for-stm32.14.3.rel1.linux64_1.0.100.202602081740/tools/bin/../lib/gcc/arm-none-eabi/14.3.1/../../../../arm-none-eabi/lib/thumb/v7e-m+fp/hard/libc_nano.a(libc_a-mprec.o)
                0x0800b330                __multadd
 .text.__hi0bits
                0x0800b3bc       0x3e /opt/st/stm32cubeide_2.1.1/plugins/com.st.stm32cube.ide.mcu.externaltools.gnu-tools-for-stm32.14.3.rel1.linux64_1.0.100.202602081740/tools/bin/../lib/gcc/arm-none-eabi/14.3.1/../../../../arm-none-eabi/lib/thumb/v7e-m+fp/hard/libc_nano.a(libc_a-mprec.o)
                0x0800b3bc                __hi0bits
 .text.__lo0bits
                0x0800b3fa       0x5a /opt/st/stm32cubeide_2.1.1/plugins/com.st.stm32cube.ide.mcu.externaltools.gnu-tools-for-stm32.14.3.rel1.linux64_1.0.100.202602081740/tools/bin/../lib/gcc/arm-none-eabi/14.3.1/../../../../arm-none-eabi/lib/thumb/v7e-m+fp/hard/libc_nano.a(libc_a-mprec.o)
                0x0800b3fa                __lo0bits
 .text.__i2b    0x0800b454       0x2c /opt/st/stm32cubeide_2.1.1/plugins/com.st.stm32cube.ide.mcu.externaltools.gnu-tools-for-stm32.14.3.rel1.linux64_1.0.100.202602081740/tools/bin/../lib/gcc/arm-none-eabi/14.3.1/../../../../arm-none-eabi/lib/thumb/v7e-m+fp/hard/libc_nano.a(libc_a-mprec.o)
                0x0800b454                __i2b
 .text.__multiply
                0x0800b480      0x154 /opt/st/stm32cubeide_2.1.1/plugins/com.st.stm32cube.ide.mcu.externaltools.gnu-tools-for-stm32.14.3.rel1.linux64_1.0.100.202602081740/tools/bin/../lib/gcc/arm-none-eabi/14.3.1/../../../../arm-none-eabi/lib/thumb/v7e-m+fp/hard/libc_nano.a(libc_a-mprec.o)
                0x0800b480                __multiply
 .text.__pow5mult
                0x0800b5d4       0xb8 /opt/st/stm32cubeide_2.1.1/plugins/com.st.stm32cube.ide.mcu.externaltools.gnu-tools-for-stm32.14.3.rel1.linux64_1.0.100.202602081740/tools/bin/../lib/gcc/arm-none-eabi/14.3.1/../../../../arm-none-eabi/lib/thumb/v7e-m+fp/hard/libc_nano.a(libc_a-mprec.o)
                0x0800b5d4                __pow5mult
 .text.__lshift
                0x0800b68c       0xdc /opt/st/stm32cubeide_2.1.1/plugins/com.st.stm32cube.ide.mcu.externaltools.gnu-tools-for-stm32.14.3.rel1.linux64_1.0.100.202602081740/tools/bin/../lib/gcc/arm-none-eabi/14.3.1/../../../../arm-none-eabi/lib/thumb/v7e-m+fp/hard/libc_nano.a(libc_a-mprec.o)
                0x0800b68c                __lshift
 .text.__mcmp   0x0800b768       0x36 /opt/st/stm32cubeide_2.1.1/plugins/com.st.stm32cube.ide.mcu.externaltools.gnu-tools-for-stm32.14.3.rel1.linux64_1.0.100.202602081740/tools/bin/../lib/gcc/arm-none-eabi/14.3.1/../../../../arm-none-eabi/lib/thumb/v7e-m+fp/hard/libc_nano.a(libc_a-mprec.o)
                0x0800b768                __mcmp
 *fill*         0x0800b79e        0x2 
 .text.__mdiff  0x0800b7a0      0x130 /opt/st/stm32cubeide_2.1.1/plugins/com.st.stm32cube.ide.mcu.externaltools.gnu-tools-for-stm32.14.3.rel1.linux64_1.0.100.202602081740/tools/bin/../lib/gcc/arm-none-eabi/14.3.1/../../../../arm-none-eabi/lib/thumb/v7e-m+fp/hard/libc_nano.a(libc_a-mprec.o)
                0x0800b7a0                __mdiff
 .text.__d2b    0x0800b8d0       0xb0 /opt/st/stm32cubeide_2.1.1/plugins/com.st.stm32cube.ide.mcu.externaltools.gnu-tools-for-stm32.14.3.rel1.linux64_1.0.100.202602081740/tools/bin/../lib/gcc/arm-none-eabi/14.3.1/../../../../arm-none-eabi/lib/thumb/v7e-m+fp/hard/libc_nano.a(libc_a-mprec.o)
                0x0800b8d0                __d2b
 .text.__ssputs_r
                0x0800b980       0xc0 /opt/st/stm32cubeide_2.1.1/plugins/com.st.stm32cube.ide.mcu.externaltools.gnu-tools-for-stm32.14.3.rel1.linux64_1.0.100.202602081740/tools/bin/../lib/gcc/arm-none-eabi/14.3.1/../../../../arm-none-eabi/lib/thumb/v7e-m+fp/hard/libc_nano.a(libc_a-nano-svfprintf.o)
                0x0800b980                __ssputs_r
 .text._svfprintf_r
                0x0800ba40      0x1f0 /opt/st/stm32cubeide_2.1.1/plugins/com.st.stm32cube.ide.mcu.externaltools.gnu-tools-for-stm32.14.3.rel1.linux64_1.0.100.202602081740/tools/bin/../lib/gcc/arm-none-eabi/14.3.1/../../../../arm-none-eabi/lib/thumb/v7e-m+fp/hard/libc_nano.a(libc_a-nano-svfprintf.o)
                0x0800ba40                _svfprintf_r
                0x0800ba40                _svfiprintf_r
 .text._sungetc_r
                0x0800bc30       0x7a /opt/st/stm32cubeide_2.1.1/plugins/com.st.stm32cube.ide.mcu.externaltools.gnu-tools-for-stm32.14.3.rel1.linux64_1.0.100.202602081740/tools/bin/../lib/gcc/arm-none-eabi/14.3.1/../../../../arm-none-eabi/lib/thumb/v7e-m+fp/hard/libc_nano.a(libc_a-nano-svfscanf.o)
                0x0800bc30                _sungetc_r
 .text.__ssrefill_r
                0x0800bcaa       0x3a /opt/st/stm32cubeide_2.1.1/plugins/com.st.stm32cube.ide.mcu.externaltools.gnu-tools-for-stm32.14.3.rel1.linux64_1.0.100.202602081740/tools/bin/../lib/gcc/arm-none-eabi/14.3.1/../../../../arm-none-eabi/lib/thumb/v7e-m+fp/hard/libc_nano.a(libc_a-nano-svfscanf.o)
                0x0800bcaa                __ssrefill_r
 .text.__ssvfscanf_r
                0x0800bce4      0x2fc /opt/st/stm32cubeide_2.1.1/plugins/com.st.stm32cube.ide.mcu.externaltools.gnu-tools-for-stm32.14.3.rel1.linux64_1.0.100.202602081740/tools/bin/../lib/gcc/arm-none-eabi/14.3.1/../../../../arm-none-eabi/lib/thumb/v7e-m+fp/hard/libc_nano.a(libc_a-nano-svfscanf.o)
                0x0800bce4                __ssvfscanf_r
                0x0800bce4                __ssvfiscanf_r
 .text._scanf_chars
                0x0800bfe0       0xb4 /opt/st/stm32cubeide_2.1.1/plugins/com.st.stm32cube.ide.mcu.externaltools.gnu-tools-for-stm32.14.3.rel1.linux64_1.0.100.202602081740/tools/bin/../lib/gcc/arm-none-eabi/14.3.1/../../../../arm-none-eabi/lib/thumb/v7e-m+fp/hard/libc_nano.a(libc_a-nano-vfscanf_i.o)
                0x0800bfe0                _scanf_chars
 .text._scanf_i
                0x0800c094      0x1e4 /opt/st/stm32cubeide_2.1.1/plugins/com.st.stm32cube.ide.mcu.externaltools.gnu-tools-for-stm32.14.3.rel1.linux64_1.0.100.202602081740/tools/bin/../lib/gcc/arm-none-eabi/14.3.1/../../../../arm-none-eabi/lib/thumb/v7e-m+fp/hard/libc_nano.a(libc_a-nano-vfscanf_i.o)
                0x0800c094                _scanf_i
 .text.__sflush_r
                0x0800c278      0x104 /opt/st/stm32cubeide_2.1.1/plugins/com.st.stm32cube.ide.mcu.externaltools.gnu-tools-for-stm32.14.3.rel1.linux64_1.0.100.202602081740/tools/bin/../lib/gcc/arm-none-eabi/14.3.1/../../../../arm-none-eabi/lib/thumb/v7e-m+fp/hard/libc_nano.a(libc_a-fflush.o)
                0x0800c278                __sflush_r
 .text._fflush_r
                0x0800c37c       0x50 /opt/st/stm32cubeide_2.1.1/plugins/com.st.stm32cube.ide.mcu.externaltools.gnu-tools-for-stm32.14.3.rel1.linux64_1.0.100.202602081740/tools/bin/../lib/gcc/arm-none-eabi/14.3.1/../../../../arm-none-eabi/lib/thumb/v7e-m+fp/hard/libc_nano.a(libc_a-fflush.o)
                0x0800c37c                _fflush_r
 .text.__sccl   0x0800c3cc       0x72 /opt/st/stm32cubeide_2.1.1/plugins/com.st.stm32cube.ide.mcu.externaltools.gnu-tools-for-stm32.14.3.rel1.linux64_1.0.100.202602081740/tools/bin/../lib/gcc/arm-none-eabi/14.3.1/../../../../arm-none-eabi/lib/thumb/v7e-m+fp/hard/libc_nano.a(libc_a-sccl.o)
                0x0800c3cc                __sccl
 .text.__submore
                0x0800c43e       0x74 /opt/st/stm32cubeide_2.1.1/plugins/com.st.stm32cube.ide.mcu.externaltools.gnu-tools-for-stm32.14.3.rel1.linux64_1.0.100.202602081740/tools/bin/../lib/gcc/arm-none-eabi/14.3.1/../../../../arm-none-eabi/lib/thumb/v7e-m+fp/hard/libc_nano.a(libc_a-ungetc.o)
                0x0800c43e                __submore
 .text.memmove  0x0800c4b2       0x32 /opt/st/stm32cubeide_2.1.1/plugins/com.st.stm32cube.ide.mcu.externaltools.gnu-tools-for-stm32.14.3.rel1.linux64_1.0.100.202602081740/tools/bin/../lib/gcc/arm-none-eabi/14.3.1/../../../../arm-none-eabi/lib/thumb/v7e-m+fp/hard/libc_nano.a(libc_a-memmove.o)
                0x0800c4b2                memmove
 .text._sbrk_r  0x0800c4e4       0x20 /opt/st/stm32cubeide_2.1.1/plugins/com.st.stm32cube.ide.mcu.externaltools.gnu-tools-for-stm32.14.3.rel1.linux64_1.0.100.202602081740/tools/bin/../lib/gcc/arm-none-eabi/14.3.1/../../../../arm-none-eabi/lib/thumb/v7e-m+fp/hard/libc_nano.a(libc_a-sbrkr.o)
                0x0800c4e4                _sbrk_r
 .text.__assert_func
                0x0800c504       0x3c /opt/st/stm32cubeide_2.1.1/plugins/com.st.stm32cube.ide.mcu.externaltools.gnu-tools-for-stm32.14.3.rel1.linux64_1.0.100.202602081740/tools/bin/../lib/gcc/arm-none-eabi/14.3.1/../../../../arm-none-eabi/lib/thumb/v7e-m+fp/hard/libc_nano.a(libc_a-assert.o)
                0x0800c504                __assert_func
 .text._calloc_r
                0x0800c540       0x28 /opt/st/stm32cubeide_2.1.1/plugins/com.st.stm32cube.ide.mcu.externaltools.gnu-tools-for-stm32.14.3.rel1.linux64_1.0.100.202602081740/tools/bin/../lib/gcc/arm-none-eabi/14.3.1/../../../../arm-none-eabi/lib/thumb/v7e-m+fp/hard/libc_nano.a(libc_a-callocr.o)
                0x0800c540                _calloc_r
 .text.__ascii_mbtowc
                0x0800c568       0x24 /opt/st/stm32cubeide_2.1.1/plugins/com.st.stm32cube.ide.mcu.externaltools.gnu-tools-for-stm32.14.3.rel1.linux64_1.0.100.202602081740/tools/bin/../lib/gcc/arm-none-eabi/14.3.1/../../../../arm-none-eabi/lib/thumb/v7e-m+fp/hard/libc_nano.a(libc_a-mbtowc_r.o)
                0x0800c568                __ascii_mbtowc
 .text._realloc_r
                0x0800c58c       0x5c /opt/st/stm32cubeide_2.1.1/plugins/com.st.stm32cube.ide.mcu.externaltools.gnu-tools-for-stm32.14.3.rel1.linux64_1.0.100.202602081740/tools/bin/../lib/gcc/arm-none-eabi/14.3.1/../../../../arm-none-eabi/lib/thumb/v7e-m+fp/hard/libc_nano.a(libc_a-reallocr.o)
                0x0800c58c                _realloc_r
 .text._strtol_l.isra.0
                0x0800c5e8       0xf4 /opt/st/stm32cubeide_2.1.1/plugins/com.st.stm32cube.ide.mcu.externaltools.gnu-tools-for-stm32.14.3.rel1.linux64_1.0.100.202602081740/tools/bin/../lib/gcc/arm-none-eabi/14.3.1/../../../../arm-none-eabi/lib/thumb/v7e-m+fp/hard/libc_nano.a(libc_a-strtol.o)
 .text._strtol_r
                0x0800c6dc        0x4 /opt/st/stm32cubeide_2.1.1/plugins/com.st.stm32cube.ide.mcu.externaltools.gnu-tools-for-stm32.14.3.rel1.linux64_1.0.100.202602081740/tools/bin/../lib/gcc/arm-none-eabi/14.3.1/../../../../arm-none-eabi/lib/thumb/v7e-m+fp/hard/libc_nano.a(libc_a-strtol.o)
                0x0800c6dc                _strtol_r
 .text._strtoul_l.isra.0
                0x0800c6e0       0xdc /opt/st/stm32cubeide_2.1.1/plugins/com.st.stm32cube.ide.mcu.externaltools.gnu-tools-for-stm32.14.3.rel1.linux64_1.0.100.202602081740/tools/bin/../lib/gcc/arm-none-eabi/14.3.1/../../../../arm-none-eabi/lib/thumb/v7e-m+fp/hard/libc_nano.a(libc_a-strtoul.o)
 .text._strtoul_r
                0x0800c7bc        0x4 /opt/st/stm32cubeide_2.1.1/plugins/com.st.stm32cube.ide.mcu.externaltools.gnu-tools-for-stm32.14.3.rel1.linux64_1.0.100.202602081740/tools/bin/../lib/gcc/arm-none-eabi/14.3.1/../../../../arm-none-eabi/lib/thumb/v7e-m+fp/hard/libc_nano.a(libc_a-strtoul.o)
                0x0800c7bc                _strtoul_r
 .text.__ascii_wctomb
                0x0800c7c0       0x1a /opt/st/stm32cubeide_2.1.1/plugins/com.st.stm32cube.ide.mcu.externaltools.gnu-tools-for-stm32.14.3.rel1.linux64_1.0.100.202602081740/tools/bin/../lib/gcc/arm-none-eabi/14.3.1/../../../../arm-none-eabi/lib/thumb/v7e-m+fp/hard/libc_nano.a(libc_a-wctomb_r.o)
                0x0800c7c0                __ascii_wctomb
 *fill*         0x0800c7da        0x2 
 .text.fprintf  0x0800c7dc       0x24 /opt/st/stm32cubeide_2.1.1/plugins/com.st.stm32cube.ide.mcu.externaltools.gnu-tools-for-stm32.14.3.rel1.linux64_1.0.100.202602081740/tools/bin/../lib/gcc/arm-none-eabi/14.3.1/../../../../arm-none-eabi/lib/thumb/v7e-m+fp/hard/libc_nano.a(libc_a-fprintf.o)
                0x0800c7dc                fprintf
                0x0800c7dc                fiprintf
 .text.abort    0x0800c800        0xe /opt/st/stm32cubeide_2.1.1/plugins/com.st.stm32cube.ide.mcu.externaltools.gnu-tools-for-stm32.14.3.rel1.linux64_1.0.100.202602081740/tools/bin/../lib/gcc/arm-none-eabi/14.3.1/../../../../arm-none-eabi/lib/thumb/v7e-m+fp/hard/libc_nano.a(libc_a-abort.o)
                0x0800c800                abort
 .text._malloc_usable_size_r
                0x0800c80e       0x10 /opt/st/stm32cubeide_2.1.1/plugins/com.st.stm32cube.ide.mcu.externaltools.gnu-tools-for-stm32.14.3.rel1.linux64_1.0.100.202602081740/tools/bin/../lib/gcc/arm-none-eabi/14.3.1/../../../../arm-none-eabi/lib/thumb/v7e-m+fp/hard/libc_nano.a(libc_a-msizer.o)
                0x0800c80e                _malloc_usable_size_r
 .text.__sfputc_r
                0x0800c81e       0x2e /opt/st/stm32cubeide_2.1.1/plugins/com.st.stm32cube.ide.mcu.externaltools.gnu-tools-for-stm32.14.3.rel1.linux64_1.0.100.202602081740/tools/bin/../lib/gcc/arm-none-eabi/14.3.1/../../../../arm-none-eabi/lib/thumb/v7e-m+fp/hard/libc_nano.a(libc_a-nano-vfprintf.o)
 .text.__sfputs_r
                0x0800c84c       0x24 /opt/st/stm32cubeide_2.1.1/plugins/com.st.stm32cube.ide.mcu.externaltools.gnu-tools-for-stm32.14.3.rel1.linux64_1.0.100.202602081740/tools/bin/../lib/gcc/arm-none-eabi/14.3.1/../../../../arm-none-eabi/lib/thumb/v7e-m+fp/hard/libc_nano.a(libc_a-nano-vfprintf.o)
                0x0800c84c                __sfputs_r
 .text._vfprintf_r
                0x0800c870      0x228 /opt/st/stm32cubeide_2.1.1/plugins/com.st.stm32cube.ide.mcu.externaltools.gnu-tools-for-stm32.14.3.rel1.linux64_1.0.100.202602081740/tools/bin/../lib/gcc/arm-none-eabi/14.3.1/../../../../arm-none-eabi/lib/thumb/v7e-m+fp/hard/libc_nano.a(libc_a-nano-vfprintf.o)
                0x0800c870                _vfiprintf_r
                0x0800c870                _vfprintf_r
 .text.__swbuf_r
                0x0800ca98       0x7c /opt/st/stm32cubeide_2.1.1/plugins/com.st.stm32cube.ide.mcu.externaltools.gnu-tools-for-stm32.14.3.rel1.linux64_1.0.100.202602081740/tools/bin/../lib/gcc/arm-none-eabi/14.3.1/../../../../arm-none-eabi/lib/thumb/v7e-m+fp/hard/libc_nano.a(libc_a-wbuf.o)
                0x0800ca98                __swbuf_r
 .text.__swsetup_r
                0x0800cb14       0xa8 /opt/st/stm32cubeide_2.1.1/plugins/com.st.stm32cube.ide.mcu.externaltools.gnu-tools-for-stm32.14.3.rel1.linux64_1.0.100.202602081740/tools/bin/../lib/gcc/arm-none-eabi/14.3.1/../../../../arm-none-eabi/lib/thumb/v7e-m+fp/hard/libc_nano.a(libc_a-wsetup.o)
                0x0800cb14                __swsetup_r
 .text._raise_r
                0x0800cbbc       0x50 /opt/st/stm32cubeide_2.1.1/plugins/com.st.stm32cube.ide.mcu.externaltools.gnu-tools-for-stm32.14.3.rel1.linux64_1.0.100.202602081740/tools/bin/../lib/gcc/arm-none-eabi/14.3.1/../../../../arm-none-eabi/lib/thumb/v7e-m+fp/hard/libc_nano.a(libc_a-signal.o)
                0x0800cbbc                _raise_r
 .text.raise    0x0800cc0c       0x10 /opt/st/stm32cubeide_2.1.1/plugins/com.st.stm32cube.ide.mcu.externaltools.gnu-tools-for-stm32.14.3.rel1.linux64_1.0.100.202602081740/tools/bin/../lib/gcc/arm-none-eabi/14.3.1/../../../../arm-none-eabi/lib/thumb/v7e-m+fp/hard/libc_nano.a(libc_a-signal.o)
                0x0800cc0c                raise
 .text._kill_r  0x0800cc1c       0x24 /opt/st/stm32cubeide_2.1.1/plugins/com.st.stm32cube.ide.mcu.externaltools.gnu-tools-for-stm32.14.3.rel1.linux64_1.0.100.202602081740/tools/bin/../lib/gcc/arm-none-eabi/14.3.1/../../../../arm-none-eabi/lib/thumb/v7e-m+fp/hard/libc_nano.a(libc_a-signalr.o)
                0x0800cc1c                _kill_r
 .text._getpid_r
                0x0800cc40        0x4 /opt/st/stm32cubeide_2.1.1/plugins/com.st.stm32cube.ide.mcu.externaltools.gnu-tools-for-stm32.14.3.rel1.linux64_1.0.100.202602081740/tools/bin/../lib/gcc/arm-none-eabi/14.3.1/../../../../arm-none-eabi/lib/thumb/v7e-m+fp/hard/libc_nano.a(libc_a-signalr.o)
                0x0800cc40                _getpid_r
 .text.__swhatbuf_r
                0x0800cc44       0x48 /opt/st/stm32cubeide_2.1.1/plugins/com.st.stm32cube.ide.mcu.externaltools.gnu-tools-for-stm32.14.3.rel1.linux64_1.0.100.202602081740/tools/bin/../lib/gcc/arm-none-eabi/14.3.1/../../../../arm-none-eabi/lib/thumb/v7e-m+fp/hard/libc_nano.a(libc_a-makebuf.o)
                0x0800cc44                __swhatbuf_r
 .text.__smakebuf_r
                0x0800cc8c       0x72 /opt/st/stm32cubeide_2.1.1/plugins/com.st.stm32cube.ide.mcu.externaltools.gnu-tools-for-stm32.14.3.rel1.linux64_1.0.100.202602081740/tools/bin/../lib/gcc/arm-none-eabi/14.3.1/../../../../arm-none-eabi/lib/thumb/v7e-m+fp/hard/libc_nano.a(libc_a-makebuf.o)
                0x0800cc8c                __smakebuf_r
 *fill*         0x0800ccfe        0x2 
 .text._fstat_r
                0x0800cd00       0x24 /opt/st/stm32cubeide_2.1.1/plugins/com.st.stm32cube.ide.mcu.externaltools.gnu-tools-for-stm32.14.3.rel1.linux64_1.0.100.202602081740/tools/bin/../lib/gcc/arm-none-eabi/14.3.1/../../../../arm-none-eabi/lib/thumb/v7e-m+fp/hard/libc_nano.a(libc_a-fstatr.o)
                0x0800cd00                _fstat_r
 .text._isatty_r
                0x0800cd24       0x20 /opt/st/stm32cubeide_2.1.1/plugins/com.st.stm32cube.ide.mcu.externaltools.gnu-tools-for-stm32.14.3.rel1.linux64_1.0.100.202602081740/tools/bin/../lib/gcc/arm-none-eabi/14.3.1/../../../../arm-none-eabi/lib/thumb/v7e-m+fp/hard/libc_nano.a(libc_a-isattyr.o)
                0x0800cd24                _isatty_r
 *(.glue_7)
 .glue_7        0x0800cd44        0x0 linker stubs
 *(.glue_7t)
 .glue_7t       0x0800cd44        0x0 linker stubs
 *(.eh_frame)
 .eh_frame      0x0800cd44        0x0 /opt/st/stm32cubeide_2.1.1/plugins/com.st.stm32cube.ide.mcu.externaltools.gnu-tools-for-stm32.14.3.rel1.linux64_1.0.100.202602081740/tools/bin/../lib/gcc/arm-none-eabi/14.3.1/thumb/v7e-m+fp/hard/crtbegin.o
 *(.init)
 .init          0x0800cd44        0x4 /opt/st/stm32cubeide_2.1.1/plugins/com.st.stm32cube.ide.mcu.externaltools.gnu-tools-for-stm32.14.3.rel1.linux64_1.0.100.202602081740/tools/bin/../lib/gcc/arm-none-eabi/14.3.1/thumb/v7e-m+fp/hard/crti.o
                0x0800cd44                _init
 .init          0x0800cd48        0x8 /opt/st/stm32cubeide_2.1.1/plugins/com.st.stm32cube.ide.mcu.externaltools.gnu-tools-for-stm32.14.3.rel1.linux64_1.0.100.202602081740/tools/bin/../lib/gcc/arm-none-eabi/14.3.1/thumb/v7e-m+fp/hard/crtn.o
 *(.fini)
 .fini          0x0800cd50        0x4 /opt/st/stm32cubeide_2.1.1/plugins/com.st.stm32cube.ide.mcu.externaltools.gnu-tools-for-stm32.14.3.rel1.linux64_1.0.100.202602081740/tools/bin/../lib/gcc/arm-none-eabi/14.3.1/thumb/v7e-m+fp/hard/crti.o
                0x0800cd50                _fini
 .fini          0x0800cd54        0x8 /opt/st/stm32cubeide_2.1.1/plugins/com.st.stm32cube.ide.mcu.externaltools.gnu-tools-for-stm32.14.3.rel1.linux64_1.0.100.202602081740/tools/bin/../lib/gcc/arm-none-eabi/14.3.1/thumb/v7e-m+fp/hard/crtn.o
                0x0800cd5c                        . = ALIGN (0x4)
                0x0800cd5c                        _etext = .

.vfp11_veneer   0x0800cd5c        0x0
 .vfp11_veneer  0x0800cd5c        0x0 linker stubs

.v4_bx          0x0800cd5c        0x0
 .v4_bx         0x0800cd5c        0x0 linker stubs

.iplt           0x0800cd5c        0x0
 .iplt          0x0800cd5c        0x0 /opt/st/stm32cubeide_2.1.1/plugins/com.st.stm32cube.ide.mcu.externaltools.gnu-tools-for-stm32.14.3.rel1.linux64_1.0.100.202602081740/tools/bin/../lib/gcc/arm-none-eabi/14.3.1/thumb/v7e-m+fp/hard/crtbegin.o

.rodata         0x0800cd60     0x11b4
                0x0800cd60                        . = ALIGN (0x4)
 *(.rodata)
 .rodata        0x0800cd60       0xd8 ./App/Src/communication_manager.o
 .rodata        0x0800ce38       0xa6 ./App/Src/control_manager.o
 *fill*         0x0800cede        0x2 
 .rodata        0x0800cee0      0x16a ./App/Src/display_manager.o
 *fill*         0x0800d04a        0x2 
 .rodata        0x0800d04c       0x29 ./App/Src/schedule_manager.o
 *fill*         0x0800d075        0x3 
 .rodata        0x0800d078      0x2a0 ./Core/Src/main.o
 .rodata        0x0800d318       0x3b ./Services/Src/relay_manager.o
 *fill*         0x0800d353        0x1 
 .rodata        0x0800d354       0x3b ./Services/Src/rtc_manager.o
 *fill*         0x0800d38f        0x1 
 .rodata        0x0800d390       0x49 ./Services/Src/sensor_manager.o
 *fill*         0x0800d3d9        0x3 
 .rodata        0x0800d3dc        0xc /opt/st/stm32cubeide_2.1.1/plugins/com.st.stm32cube.ide.mcu.externaltools.gnu-tools-for-stm32.14.3.rel1.linux64_1.0.100.202602081740/tools/bin/../lib/gcc/arm-none-eabi/14.3.1/../../../../arm-none-eabi/lib/thumb/v7e-m+fp/hard/libc_nano.a(libc_a-nano-vfscanf_i.o)
 *(.rodata*)
 .rodata.default_schedule
                0x0800d3e8       0x10 ./Common/Src/app_config.o
                0x0800d3e8                default_schedule
 .rodata.AHBPrescTable
                0x0800d3f8       0x10 ./Core/Src/system_stm32f4xx.o
                0x0800d3f8                AHBPrescTable
 .rodata.APBPrescTable
                0x0800d408        0x8 ./Core/Src/system_stm32f4xx.o
                0x0800d408                APBPrescTable
 .rodata.font_7x10_bits
                0x0800d410      0x76c ./Devices/Src/font.o
 .rodata.flagBitshiftOffset.0
                0x0800db7c        0x8 ./Drivers/STM32F4xx_HAL_Driver/Src/stm32f4xx_hal_dma.o
 .rodata._printf_float.str1.1
                0x0800db84      0x18a /opt/st/stm32cubeide_2.1.1/plugins/com.st.stm32cube.ide.mcu.externaltools.gnu-tools-for-stm32.14.3.rel1.linux64_1.0.100.202602081740/tools/bin/../lib/gcc/arm-none-eabi/14.3.1/../../../../arm-none-eabi/lib/thumb/v7e-m+fp/hard/libc_nano.a(libc_a-nano-vfprintf_float.o)
                                 0x12 (size before relaxing)
 .rodata._printf_i.str1.1
                0x0800dd0e       0x22 /opt/st/stm32cubeide_2.1.1/plugins/com.st.stm32cube.ide.mcu.externaltools.gnu-tools-for-stm32.14.3.rel1.linux64_1.0.100.202602081740/tools/bin/../lib/gcc/arm-none-eabi/14.3.1/../../../../arm-none-eabi/lib/thumb/v7e-m+fp/hard/libc_nano.a(libc_a-nano-vfprintf_i.o)
 .rodata._dtoa_r.str1.1
                0x0800dd0e       0x8f /opt/st/stm32cubeide_2.1.1/plugins/com.st.stm32cube.ide.mcu.externaltools.gnu-tools-for-stm32.14.3.rel1.linux64_1.0.100.202602081740/tools/bin/../lib/gcc/arm-none-eabi/14.3.1/../../../../arm-none-eabi/lib/thumb/v7e-m+fp/hard/libc_nano.a(libc_a-dtoa.o)
 .rodata._Balloc.str1.1
                0x0800dd0e       0x70 /opt/st/stm32cubeide_2.1.1/plugins/com.st.stm32cube.ide.mcu.externaltools.gnu-tools-for-stm32.14.3.rel1.linux64_1.0.100.202602081740/tools/bin/../lib/gcc/arm-none-eabi/14.3.1/../../../../arm-none-eabi/lib/thumb/v7e-m+fp/hard/libc_nano.a(libc_a-mprec.o)
 .rodata.__multadd.str1.1
                0x0800dd0e       0x11 /opt/st/stm32cubeide_2.1.1/plugins/com.st.stm32cube.ide.mcu.externaltools.gnu-tools-for-stm32.14.3.rel1.linux64_1.0.100.202602081740/tools/bin/../lib/gcc/arm-none-eabi/14.3.1/../../../../arm-none-eabi/lib/thumb/v7e-m+fp/hard/libc_nano.a(libc_a-mprec.o)
 *fill*         0x0800dd0e        0x2 
 .rodata.p05.0  0x0800dd10        0xc /opt/st/stm32cubeide_2.1.1/plugins/com.st.stm32cube.ide.mcu.externaltools.gnu-tools-for-stm32.14.3.rel1.linux64_1.0.100.202602081740/tools/bin/../lib/gcc/arm-none-eabi/14.3.1/../../../../arm-none-eabi/lib/thumb/v7e-m+fp/hard/libc_nano.a(libc_a-mprec.o)
 *fill*         0x0800dd1c        0x4 
 .rodata.__mprec_bigtens
                0x0800dd20       0x28 /opt/st/stm32cubeide_2.1.1/plugins/com.st.stm32cube.ide.mcu.externaltools.gnu-tools-for-stm32.14.3.rel1.linux64_1.0.100.202602081740/tools/bin/../lib/gcc/arm-none-eabi/14.3.1/../../../../arm-none-eabi/lib/thumb/v7e-m+fp/hard/libc_nano.a(libc_a-mprec.o)
                0x0800dd20                __mprec_bigtens
 .rodata.__mprec_tens
                0x0800dd48       0xc8 /opt/st/stm32cubeide_2.1.1/plugins/com.st.stm32cube.ide.mcu.externaltools.gnu-tools-for-stm32.14.3.rel1.linux64_1.0.100.202602081740/tools/bin/../lib/gcc/arm-none-eabi/14.3.1/../../../../arm-none-eabi/lib/thumb/v7e-m+fp/hard/libc_nano.a(libc_a-mprec.o)
                0x0800dd48                __mprec_tens
 .rodata._svfprintf_r.str1.1
                0x0800de10       0x11 /opt/st/stm32cubeide_2.1.1/plugins/com.st.stm32cube.ide.mcu.externaltools.gnu-tools-for-stm32.14.3.rel1.linux64_1.0.100.202602081740/tools/bin/../lib/gcc/arm-none-eabi/14.3.1/../../../../arm-none-eabi/lib/thumb/v7e-m+fp/hard/libc_nano.a(libc_a-nano-svfprintf.o)
 .rodata.__ssvfscanf_r.str1.1
                0x0800de10        0x4 /opt/st/stm32cubeide_2.1.1/plugins/com.st.stm32cube.ide.mcu.externaltools.gnu-tools-for-stm32.14.3.rel1.linux64_1.0.100.202602081740/tools/bin/../lib/gcc/arm-none-eabi/14.3.1/../../../../arm-none-eabi/lib/thumb/v7e-m+fp/hard/libc_nano.a(libc_a-nano-svfscanf.o)
 .rodata._scanf_i.str1.1
                0x0800de10       0x12 /opt/st/stm32cubeide_2.1.1/plugins/com.st.stm32cube.ide.mcu.externaltools.gnu-tools-for-stm32.14.3.rel1.linux64_1.0.100.202602081740/tools/bin/../lib/gcc/arm-none-eabi/14.3.1/../../../../arm-none-eabi/lib/thumb/v7e-m+fp/hard/libc_nano.a(libc_a-nano-vfscanf_i.o)
 .rodata.str1.1
                0x0800de10        0x9 /opt/st/stm32cubeide_2.1.1/plugins/com.st.stm32cube.ide.mcu.externaltools.gnu-tools-for-stm32.14.3.rel1.linux64_1.0.100.202602081740/tools/bin/../lib/gcc/arm-none-eabi/14.3.1/../../../../arm-none-eabi/lib/thumb/v7e-m+fp/hard/libc_nano.a(libc_a-nano-vfscanf_i.o)
 .rodata._setlocale_r.str1.1
                0x0800de10        0x9 /opt/st/stm32cubeide_2.1.1/plugins/com.st.stm32cube.ide.mcu.externaltools.gnu-tools-for-stm32.14.3.rel1.linux64_1.0.100.202602081740/tools/bin/../lib/gcc/arm-none-eabi/14.3.1/../../../../arm-none-eabi/lib/thumb/v7e-m+fp/hard/libc_nano.a(libc_a-locale.o)
 .rodata.str1.1
                0x0800de10        0x2 /opt/st/stm32cubeide_2.1.1/plugins/com.st.stm32cube.ide.mcu.externaltools.gnu-tools-for-stm32.14.3.rel1.linux64_1.0.100.202602081740/tools/bin/../lib/gcc/arm-none-eabi/14.3.1/../../../../arm-none-eabi/lib/thumb/v7e-m+fp/hard/libc_nano.a(libc_a-locale.o)
 .rodata.__assert_func.str1.1
                0x0800de10       0x3d /opt/st/stm32cubeide_2.1.1/plugins/com.st.stm32cube.ide.mcu.externaltools.gnu-tools-for-stm32.14.3.rel1.linux64_1.0.100.202602081740/tools/bin/../lib/gcc/arm-none-eabi/14.3.1/../../../../arm-none-eabi/lib/thumb/v7e-m+fp/hard/libc_nano.a(libc_a-assert.o)
 .rodata._ctype_
                0x0800de10      0x101 /opt/st/stm32cubeide_2.1.1/plugins/com.st.stm32cube.ide.mcu.externaltools.gnu-tools-for-stm32.14.3.rel1.linux64_1.0.100.202602081740/tools/bin/../lib/gcc/arm-none-eabi/14.3.1/../../../../arm-none-eabi/lib/thumb/v7e-m+fp/hard/libc_nano.a(libc_a-ctype_.o)
                0x0800de10                _ctype_
 .rodata._vfprintf_r.str1.1
                0x0800df11       0x11 /opt/st/stm32cubeide_2.1.1/plugins/com.st.stm32cube.ide.mcu.externaltools.gnu-tools-for-stm32.14.3.rel1.linux64_1.0.100.202602081740/tools/bin/../lib/gcc/arm-none-eabi/14.3.1/../../../../arm-none-eabi/lib/thumb/v7e-m+fp/hard/libc_nano.a(libc_a-nano-vfprintf.o)
                0x0800df24                        . = ALIGN (0x4)
 *fill*         0x0800df11        0x3 

.ARM.extab      0x0800df14        0x0
                0x0800df14                        . = ALIGN (0x4)
 *(.ARM.extab* .gnu.linkonce.armextab.*)
                0x0800df14                        . = ALIGN (0x4)

.ARM            0x0800df14        0x8
                0x0800df14                        . = ALIGN (0x4)
                0x0800df14                        __exidx_start = .
 *(.ARM.exidx*)
 .ARM.exidx     0x0800df14        0x8 /opt/st/stm32cubeide_2.1.1/plugins/com.st.stm32cube.ide.mcu.externaltools.gnu-tools-for-stm32.14.3.rel1.linux64_1.0.100.202602081740/tools/bin/../lib/gcc/arm-none-eabi/14.3.1/../../../../arm-none-eabi/lib/thumb/v7e-m+fp/hard/libc_nano.a(libc_a-memchr.o)
 .ARM.exidx     0x0800df1c        0x0 /opt/st/stm32cubeide_2.1.1/plugins/com.st.stm32cube.ide.mcu.externaltools.gnu-tools-for-stm32.14.3.rel1.linux64_1.0.100.202602081740/tools/bin/../lib/gcc/arm-none-eabi/14.3.1/../../../../arm-none-eabi/lib/thumb/v7e-m+fp/hard/libc_nano.a(libc_a-strlen.o)
                                  0x8 (size before relaxing)
 .ARM.exidx     0x0800df1c        0x0 /opt/st/stm32cubeide_2.1.1/plugins/com.st.stm32cube.ide.mcu.externaltools.gnu-tools-for-stm32.14.3.rel1.linux64_1.0.100.202602081740/tools/bin/../lib/gcc/arm-none-eabi/14.3.1/thumb/v7e-m+fp/hard/libgcc.a(_udivmoddi4.o)
                                  0x8 (size before relaxing)
                0x0800df1c                        __exidx_end = .
                0x0800df1c                        . = ALIGN (0x4)

.preinit_array  0x0800df1c        0x0
                0x0800df1c                        . = ALIGN (0x4)
                0x0800df1c                        PROVIDE (__preinit_array_start = .)
 *(.preinit_array*)
                0x0800df1c                        PROVIDE (__preinit_array_end = .)
                0x0800df1c                        . = ALIGN (0x4)

.init_array     0x0800df1c        0x4
                0x0800df1c                        . = ALIGN (0x4)
                0x0800df1c                        PROVIDE (__init_array_start = .)
 *(SORT_BY_NAME(.init_array.*))
 *(.init_array*)
 .init_array    0x0800df1c        0x4 /opt/st/stm32cubeide_2.1.1/plugins/com.st.stm32cube.ide.mcu.externaltools.gnu-tools-for-stm32.14.3.rel1.linux64_1.0.100.202602081740/tools/bin/../lib/gcc/arm-none-eabi/14.3.1/thumb/v7e-m+fp/hard/crtbegin.o
                0x0800df20                        PROVIDE (__init_array_end = .)
                0x0800df20                        . = ALIGN (0x4)

.fini_array     0x0800df20        0x4
                0x0800df20                        . = ALIGN (0x4)
                [!provide]                        PROVIDE (__fini_array_start = .)
 *(SORT_BY_NAME(.fini_array.*))
 *(.fini_array*)
 .fini_array    0x0800df20        0x4 /opt/st/stm32cubeide_2.1.1/plugins/com.st.stm32cube.ide.mcu.externaltools.gnu-tools-for-stm32.14.3.rel1.linux64_1.0.100.202602081740/tools/bin/../lib/gcc/arm-none-eabi/14.3.1/thumb/v7e-m+fp/hard/crtbegin.o
                [!provide]                        PROVIDE (__fini_array_end = .)
                0x0800df24                        . = ALIGN (0x4)
                0x0800df24                        _sidata = LOADADDR (.data)

.rel.dyn        0x0800df24        0x0
 .rel.iplt      0x0800df24        0x0 /opt/st/stm32cubeide_2.1.1/plugins/com.st.stm32cube.ide.mcu.externaltools.gnu-tools-for-stm32.14.3.rel1.linux64_1.0.100.202602081740/tools/bin/../lib/gcc/arm-none-eabi/14.3.1/thumb/v7e-m+fp/hard/crtbegin.o

.data           0x20000000      0x1e0 load address 0x0800df24
                0x20000000                        . = ALIGN (0x4)
                0x20000000                        _sdata = .
 *(.data)
 *(.data*)
 .data.g_font   0x20000000        0x4 ./App/Src/display_manager.o
 .data.SystemCoreClock
                0x20000004        0x4 ./Core/Src/system_stm32f4xx.o
                0x20000004                SystemCoreClock
 .data.font_7x10
                0x20000008        0x8 ./Devices/Src/font.o
                0x20000008                font_7x10
 .data.uwTickPrio
                0x20000010        0x4 ./Drivers/STM32F4xx_HAL_Driver/Src/stm32f4xx_hal.o
                0x20000010                uwTickPrio
 .data.uwTickFreq
                0x20000014        0x1 ./Drivers/STM32F4xx_HAL_Driver/Src/stm32f4xx_hal.o